Component: ARM Compiler 5.06 update 7 (build 960) Tool: armlink [4d3601]

==============================================================================

Section Cross References

    startup_stm32h743xx.o(RESET) refers to startup_stm32h743xx.o(STACK) for __initial_sp
    startup_stm32h743xx.o(RESET) refers to startup_stm32h743xx.o(.text) for Reset_Handler
    startup_stm32h743xx.o(RESET) refers to stm32h7xx_it.o(i.NMI_Handler) for NMI_Handler
    startup_stm32h743xx.o(RESET) refers to stm32h7xx_it.o(i.HardFault_Handler) for HardFault_Handler
    startup_stm32h743xx.o(RESET) refers to stm32h7xx_it.o(i.MemManage_Handler) for MemManage_Handler
    startup_stm32h743xx.o(RESET) refers to stm32h7xx_it.o(i.BusFault_Handler) for BusFault_Handler
    startup_stm32h743xx.o(RESET) refers to stm32h7xx_it.o(i.UsageFault_Handler) for UsageFault_Handler
    startup_stm32h743xx.o(RESET) refers to stm32h7xx_it.o(i.SVC_Handler) for SVC_Handler
    startup_stm32h743xx.o(RESET) refers to stm32h7xx_it.o(i.DebugMon_Handler) for DebugMon_Handler
    startup_stm32h743xx.o(RESET) refers to stm32h7xx_it.o(i.PendSV_Handler) for PendSV_Handler
    startup_stm32h743xx.o(RESET) refers to stm32h7xx_it.o(i.SysTick_Handler) for SysTick_Handler
    startup_stm32h743xx.o(RESET) refers to stm32h7xx_it.o(i.DMA1_Stream5_IRQHandler) for DMA1_Stream5_IRQHandler
    startup_stm32h743xx.o(RESET) refers to stm32h7xx_it.o(i.TIM3_IRQHandler) for TIM3_IRQHandler
    startup_stm32h743xx.o(RESET) refers to stm32h7xx_it.o(i.TIM4_IRQHandler) for TIM4_IRQHandler
    startup_stm32h743xx.o(RESET) refers to stm32h7xx_it.o(i.SPI1_IRQHandler) for SPI1_IRQHandler
    startup_stm32h743xx.o(RESET) refers to stm32h7xx_it.o(i.EXTI15_10_IRQHandler) for EXTI15_10_IRQHandler
    startup_stm32h743xx.o(.text) refers to system_stm32h7xx.o(i.SystemInit) for SystemInit
    startup_stm32h743xx.o(.text) refers to entry.o(.ARM.Collect$$$$00000000) for __main
    main.o(i.SystemClock_Config) refers to memseta.o(.text) for __aeabi_memclr4
    main.o(i.SystemClock_Config) refers to stm32h7xx_hal_pwr_ex.o(i.HAL_PWREx_ConfigSupply) for HAL_PWREx_ConfigSupply
    main.o(i.SystemClock_Config) refers to stm32h7xx_hal_rcc.o(i.HAL_RCC_OscConfig) for HAL_RCC_OscConfig
    main.o(i.SystemClock_Config) refers to stm32h7xx_hal_rcc.o(i.HAL_RCC_ClockConfig) for HAL_RCC_ClockConfig
    main.o(i.fputc) refers to stm32h7xx_hal_uart.o(i.HAL_UART_Transmit) for HAL_UART_Transmit
    main.o(i.fputc) refers to usart.o(.bss) for huart2
    main.o(i.main) refers to stm32h7xx_hal_cortex.o(i.HAL_MPU_Disable) for HAL_MPU_Disable
    main.o(i.main) refers to stm32h7xx_hal_cortex.o(i.HAL_MPU_ConfigRegion) for HAL_MPU_ConfigRegion
    main.o(i.main) refers to stm32h7xx_hal_cortex.o(i.HAL_MPU_Enable) for HAL_MPU_Enable
    main.o(i.main) refers to stm32h7xx_hal.o(i.HAL_Init) for HAL_Init
    main.o(i.main) refers to main.o(i.SystemClock_Config) for SystemClock_Config
    main.o(i.main) refers to gpio.o(i.MX_GPIO_Init) for MX_GPIO_Init
    main.o(i.main) refers to dma.o(i.MX_DMA_Init) for MX_DMA_Init
    main.o(i.main) refers to i2c.o(i.MX_I2C3_Init) for MX_I2C3_Init
    main.o(i.main) refers to spi.o(i.MX_SPI1_Init) for MX_SPI1_Init
    main.o(i.main) refers to usart.o(i.MX_USART2_UART_Init) for MX_USART2_UART_Init
    main.o(i.main) refers to tim.o(i.MX_TIM3_Init) for MX_TIM3_Init
    main.o(i.main) refers to tim.o(i.MX_TIM4_Init) for MX_TIM4_Init
    main.o(i.main) refers to timer_port.o(i.Timer_Port_Init) for Timer_Port_Init
    main.o(i.main) refers to lcd_port.o(i.LCD_Port_Init) for LCD_Port_Init
    main.o(i.main) refers to tp_port.o(i.TP_Port_Init) for TP_Port_Init
    main.o(i.main) refers to lv_port.o(i.LV_Init) for LV_Init
    main.o(i.main) refers to lv_app.o(i.UI_Init) for UI_Init
    main.o(i.main) refers to lv_task.o(i.lv_task_handler) for lv_task_handler
    gpio.o(i.MX_GPIO_Init) refers to memseta.o(.text) for __aeabi_memclr4
    gpio.o(i.MX_GPIO_Init) refers to stm32h7xx_hal_gpio.o(i.HAL_GPIO_WritePin) for HAL_GPIO_WritePin
    gpio.o(i.MX_GPIO_Init) refers to stm32h7xx_hal_gpio.o(i.HAL_GPIO_Init) for HAL_GPIO_Init
    gpio.o(i.MX_GPIO_Init) refers to stm32h7xx_hal_cortex.o(i.HAL_NVIC_SetPriority) for HAL_NVIC_SetPriority
    gpio.o(i.MX_GPIO_Init) refers to stm32h7xx_hal_cortex.o(i.HAL_NVIC_EnableIRQ) for HAL_NVIC_EnableIRQ
    dma.o(i.MX_DMA_Init) refers to stm32h7xx_hal_cortex.o(i.HAL_NVIC_SetPriority) for HAL_NVIC_SetPriority
    dma.o(i.MX_DMA_Init) refers to stm32h7xx_hal_cortex.o(i.HAL_NVIC_EnableIRQ) for HAL_NVIC_EnableIRQ
    i2c.o(i.HAL_I2C_MspDeInit) refers to stm32h7xx_hal_gpio.o(i.HAL_GPIO_DeInit) for HAL_GPIO_DeInit
    i2c.o(i.HAL_I2C_MspInit) refers to memseta.o(.text) for __aeabi_memclr4
    i2c.o(i.HAL_I2C_MspInit) refers to stm32h7xx_hal_rcc_ex.o(i.HAL_RCCEx_PeriphCLKConfig) for HAL_RCCEx_PeriphCLKConfig
    i2c.o(i.HAL_I2C_MspInit) refers to main.o(i.Error_Handler) for Error_Handler
[...]
    lv_img_get_auto_size                     0x0800e531   Thumb Code    14  lv_img.o(i.lv_img_get_auto_size)
    lv_img_set_src                           0x0800e53f   Thumb Code   278  lv_img.o(i.lv_img_set_src)
    lv_img_src_get_type                      0x0800e6e1   Thumb Code    36  lv_draw_img.o(i.lv_img_src_get_type)
    lv_indev_drv_init                        0x0800e705   Thumb Code    34  lv_hal_indev.o(i.lv_indev_drv_init)
    lv_indev_drv_register                    0x0800e729   Thumb Code    84  lv_hal_indev.o(i.lv_indev_drv_register)
    lv_indev_get_act                         0x0800e785   Thumb Code     6  lv_indev.o(i.lv_indev_get_act)
    lv_indev_get_next                        0x0800e791   Thumb Code    16  lv_hal_indev.o(i.lv_indev_get_next)
    lv_indev_get_obj_act                     0x0800e7a5   Thumb Code     6  lv_indev.o(i.lv_indev_get_obj_act)
    lv_indev_init                            0x0800e7b1   Thumb Code     6  lv_indev.o(i.lv_indev_init)
    lv_indev_read                            0x0800e7b7   Thumb Code    50  lv_hal_indev.o(i.lv_indev_read)
    lv_indev_read_task                       0x0800e7e9   Thumb Code   284  lv_indev.o(i.lv_indev_read_task)
    lv_indev_reset                           0x0800e909   Thumb Code    42  lv_indev.o(i.lv_indev_reset)
    lv_init                                  0x0800e935   Thumb Code    72  lv_obj.o(i.lv_init)
    lv_inv_area                              0x0800e989   Thumb Code   174  lv_refr.o(i.lv_inv_area)
    lv_label_create                          0x0800ea3d   Thumb Code   358  lv_label.o(i.lv_label_create)
    lv_label_get_align                       0x0800edd7   Thumb Code    14  lv_label.o(i.lv_label_get_align)
    lv_label_get_body_draw                   0x0800ede5   Thumb Code    14  lv_label.o(i.lv_label_get_body_draw)
    lv_label_get_letter_on                   0x0800edf5   Thumb Code   338  lv_label.o(i.lv_label_get_letter_on)
    lv_label_get_long_mode                   0x0800ef51   Thumb Code    14  lv_label.o(i.lv_label_get_long_mode)
    lv_label_get_recolor                     0x0800ef5f   Thumb Code    14  lv_label.o(i.lv_label_get_recolor)
    lv_label_get_text                        0x0800ef6d   Thumb Code    10  lv_label.o(i.lv_label_get_text)
    lv_label_set_align                       0x0800f331   Thumb Code    38  lv_label.o(i.lv_label_set_align)
    lv_label_set_body_draw                   0x0800f357   Thumb Code    44  lv_label.o(i.lv_label_set_body_draw)
    lv_label_set_long_mode                   0x0800f3d9   Thumb Code   122  lv_label.o(i.lv_label_set_long_mode)
    lv_label_set_recolor                     0x0800f491   Thumb Code    38  lv_label.o(i.lv_label_set_recolor)
    lv_label_set_static_text                 0x0800f4b7   Thumb Code    52  lv_label.o(i.lv_label_set_static_text)
    lv_label_set_text                        0x0800f4eb   Thumb Code   110  lv_label.o(i.lv_label_set_text)
    lv_ll_chg_list                           0x0800f651   Thumb Code   104  lv_ll.o(i.lv_ll_chg_list)
    lv_ll_get_head                           0x0800f6b9   Thumb Code    12  lv_ll.o(i.lv_ll_get_head)
    lv_ll_get_next                           0x0800f6c5   Thumb Code    18  lv_ll.o(i.lv_ll_get_next)
    lv_ll_get_prev                           0x0800f6d7   Thumb Code    16  lv_ll.o(i.lv_ll_get_prev)
    lv_ll_get_tail                           0x0800f6e7   Thumb Code    12  lv_ll.o(i.lv_ll_get_tail)
    lv_ll_init                               0x0800f6f3   Thumb Code    20  lv_ll.o(i.lv_ll_init)
    lv_ll_ins_head                           0x0800f707   Thumb Code    60  lv_ll.o(i.lv_ll_ins_head)
    lv_ll_ins_prev                           0x0800f743   Thumb Code   102  lv_ll.o(i.lv_ll_ins_prev)
    lv_ll_ins_tail                           0x0800f7a9   Thumb Code    66  lv_ll.o(i.lv_ll_ins_tail)
    lv_ll_is_empty                           0x0800f7eb   Thumb Code    18  lv_ll.o(i.lv_ll_is_empty)
    lv_ll_move_before                        0x0800f7fd   Thumb Code    96  lv_ll.o(i.lv_ll_move_before)
    lv_ll_rem                                0x0800f85d   Thumb Code   120  lv_ll.o(i.lv_ll_rem)
    lv_lmeter_create                         0x0800f8f1   Thumb Code   146  lv_lmeter.o(i.lv_lmeter_create)
    lv_lmeter_set_range                      0x0800fba1   Thumb Code    86  lv_lmeter.o(i.lv_lmeter_set_range)
    lv_lmeter_set_scale                      0x0800fbf7   Thumb Code    40  lv_lmeter.o(i.lv_lmeter_set_scale)
    lv_lmeter_set_value                      0x0800fc1f   Thumb Code    54  lv_lmeter.o(i.lv_lmeter_set_value)
    lv_mem_alloc                             0x0800fcc9   Thumb Code    86  lv_mem.o(i.lv_mem_alloc)
    lv_mem_free                              0x0800fd25   Thumb Code    78  lv_mem.o(i.lv_mem_free)
    lv_mem_get_size                          0x0800fd79   Thumb Code    22  lv_mem.o(i.lv_mem_get_size)
    lv_mem_init                              0x0800fd95   Thumb Code    24  lv_mem.o(i.lv_mem_init)
    lv_mem_realloc                           0x0800fdb5   Thumb Code    84  lv_mem.o(i.lv_mem_realloc)
    lv_obj_align                             0x0800fe09   Thumb Code   524  lv_obj.o(i.lv_obj_align)
    lv_obj_align_origo                       0x08010015   Thumb Code   284  lv_obj.o(i.lv_obj_align_origo)
    lv_obj_allocate_ext_attr                 0x08010131   Thumb Code    14  lv_obj.o(i.lv_obj_allocate_ext_attr)
    lv_obj_clean                             0x0801013f   Thumb Code    38  lv_obj.o(i.lv_obj_clean)
    lv_obj_clear_protect                     0x08010165   Thumb Code    12  lv_obj.o(i.lv_obj_clear_protect)
    lv_obj_create                            0x08010171   Thumb Code   572  lv_obj.o(i.lv_obj_create)
    lv_obj_del                               0x080103bd   Thumb Code   216  lv_obj.o(i.lv_obj_del)
    lv_obj_get_auto_realign                  0x0801053d   Thumb Code    10  lv_obj.o(i.lv_obj_get_auto_realign)
    lv_obj_get_child                         0x08010547   Thumb Code    14  lv_obj.o(i.lv_obj_get_child)
    lv_obj_get_click                         0x08010555   Thumb Code    10  lv_obj.o(i.lv_obj_get_click)
    lv_obj_get_coords                        0x0801055f   Thumb Code    10  lv_obj.o(i.lv_obj_get_coords)
    lv_obj_get_design_cb                     0x08010569   Thumb Code     4  lv_obj.o(i.lv_obj_get_design_cb)
    lv_obj_get_disp                          0x0801056d   Thumb Code    64  lv_obj.o(i.lv_obj_get_disp)
    lv_obj_get_drag                          0x080105b1   Thumb Code    10  lv_obj.o(i.lv_obj_get_drag)
    lv_obj_get_drag_dir                      0x080105bb   Thumb Code    10  lv_obj.o(i.lv_obj_get_drag_dir)
    lv_obj_get_drag_parent                   0x080105c5   Thumb Code    10  lv_obj.o(i.lv_obj_get_drag_parent)
    lv_obj_get_drag_throw                    0x080105cf   Thumb Code    10  lv_obj.o(i.lv_obj_get_drag_throw)
    lv_obj_get_ext_attr                      0x080105d9   Thumb Code     4  lv_obj.o(i.lv_obj_get_ext_attr)
    lv_obj_get_group                         0x080105dd   Thumb Code     4  lv_obj.o(i.lv_obj_get_group)
    lv_obj_get_height                        0x080105e1   Thumb Code    12  lv_obj.o(i.lv_obj_get_height)
    lv_obj_get_hidden                        0x080105ed   Thumb Code    10  lv_obj.o(i.lv_obj_get_hidden)
    lv_obj_get_opa_scale                     0x080105f9   Thumb Code    28  lv_obj.o(i.lv_obj_get_opa_scale)
    lv_obj_get_parent                        0x08010615   Thumb Code     4  lv_obj.o(i.lv_obj_get_parent)
    lv_obj_get_screen                        0x08010619   Thumb Code    12  lv_obj.o(i.lv_obj_get_screen)
    lv_obj_get_signal_cb                     0x08010625   Thumb Code     4  lv_obj.o(i.lv_obj_get_signal_cb)
    lv_obj_get_style                         0x08010629   Thumb Code    88  lv_obj.o(i.lv_obj_get_style)
    lv_obj_get_width                         0x08010685   Thumb Code    12  lv_obj.o(i.lv_obj_get_width)
    lv_obj_get_x                             0x08010691   Thumb Code    12  lv_obj.o(i.lv_obj_get_x)
    lv_obj_get_y                             0x0801069d   Thumb Code    12  lv_obj.o(i.lv_obj_get_y)
    lv_obj_invalidate                        0x080106a9   Thumb Code   164  lv_obj.o(i.lv_obj_invalidate)
    lv_obj_is_focused                        0x0801074d   Thumb Code    24  lv_obj.o(i.lv_obj_is_focused)
    lv_obj_is_protected                      0x08010765   Thumb Code    12  lv_obj.o(i.lv_obj_is_protected)
    lv_obj_move_foreground                   0x08010771   Thumb Code    56  lv_obj.o(i.lv_obj_move_foreground)
    lv_obj_realign                           0x080107a9   Thumb Code    38  lv_obj.o(i.lv_obj_realign)
    lv_obj_refresh_ext_draw_pad              0x080107cf   Thumb Code    28  lv_obj.o(i.lv_obj_refresh_ext_draw_pad)
    lv_obj_refresh_style                     0x080107eb   Thumb Code    28  lv_obj.o(i.lv_obj_refresh_style)
    lv_obj_set_auto_realign                  0x08010807   Thumb Code    14  lv_obj.o(i.lv_obj_set_auto_realign)
    lv_obj_set_click                         0x08010815   Thumb Code    14  lv_obj.o(i.lv_obj_set_click)
    lv_obj_set_design_cb                     0x08010823   Thumb Code     4  lv_obj.o(i.lv_obj_set_design_cb)
    lv_obj_set_height                        0x08010827   Thumb Code    22  lv_obj.o(i.lv_obj_set_height)
    lv_obj_set_pos                           0x0801083d   Thumb Code   130  lv_obj.o(i.lv_obj_set_pos)
    lv_obj_set_protect                       0x080108bf   Thumb Code    12  lv_obj.o(i.lv_obj_set_protect)
    lv_obj_set_signal_cb                     0x080108cb   Thumb Code     4  lv_obj.o(i.lv_obj_set_signal_cb)
    lv_obj_set_size                          0x080108cf   Thumb Code   128  lv_obj.o(i.lv_obj_set_size)
    lv_obj_set_style                         0x0801094f   Thumb Code    20  lv_obj.o(i.lv_obj_set_style)
    lv_obj_set_x                             0x08010963   Thumb Code    24  lv_obj.o(i.lv_obj_set_x)
    lv_obj_set_y                             0x0801097b   Thumb Code    22  lv_obj.o(i.lv_obj_set_y)
    lv_port_disp_init                        0x080109ed   Thumb Code    52  lv_port_disp.o(i.lv_port_disp_init)
    lv_port_indev_init                       0x08010a31   Thumb Code    30  lv_port_indev.o(i.lv_port_indev_init)
    lv_refr_get_disp_refreshing              0x08010c31   Thumb Code     6  lv_refr.o(i.lv_refr_get_disp_refreshing)
    lv_refr_init                             0x08010ca1   Thumb Code     2  lv_refr.o(i.lv_refr_init)
    lv_style_copy                            0x08010ed9   Thumb Code     6  lv_style.o(i.lv_style_copy)
    lv_style_init                            0x08010ee1   Thumb Code  1308  lv_style.o(i.lv_style_init)
    lv_task_core_init                        0x080113fd   Thumb Code    18  lv_task.o(i.lv_task_core_init)
    lv_task_create                           0x08011419   Thumb Code    40  lv_task.o(i.lv_task_create)
    lv_task_create_basic                     0x08011441   Thumb Code   114  lv_task.o(i.lv_task_create_basic)
    lv_task_del                              0x080114bd   Thumb Code    34  lv_task.o(i.lv_task_del)
    lv_task_handler                          0x08011531   Thumb Code   200  lv_task.o(i.lv_task_handler)
    lv_task_ready                            0x08011605   Thumb Code    18  lv_task.o(i.lv_task_ready)
    lv_task_set_prio                         0x08011619   Thumb Code    84  lv_task.o(i.lv_task_set_prio)
    lv_theme_get_current                     0x08011671   Thumb Code    12  lv_theme.o(i.lv_theme_get_current)
    lv_tick_elaps                            0x08011685   Thumb Code    12  lv_hal_tick.o(i.lv_tick_elaps)
    lv_tick_get                              0x08011691   Thumb Code    16  lv_hal_tick.o(i.lv_tick_get)
    lv_tick_inc                              0x080116a5   Thumb Code    14  lv_hal_tick.o(i.lv_tick_inc)
    lv_trigo_sin                             0x080116b9   Thumb Code    78  lv_math.o(i.lv_trigo_sin)
    lv_txt_get_next_line                     0x0801170d   Thumb Code   234  lv_txt.o(i.lv_txt_get_next_line)
    lv_txt_get_size                          0x08011805   Thumb Code   176  lv_txt.o(i.lv_txt_get_size)
    lv_txt_get_width                         0x080118b5   Thumb Code   130  lv_txt.o(i.lv_txt_get_width)
    lv_txt_is_cmd                            0x0801193d   Thumb Code    58  lv_txt.o(i.lv_txt_is_cmd)
    lv_utils_bsearch                         0x08011b05   Thumb Code    76  lv_utils.o(i.lv_utils_bsearch)
    main                                     0x08011b51   Thumb Code   138  main.o(i.main)
    timer_init                               0x08011e01   Thumb Code    14  utilities_multi_timer.o(i.timer_init)
    timer_start                              0x08011e15   Thumb Code    32  utilities_multi_timer.o(i.timer_start)
    timer_ticks                              0x08011e39   Thumb Code    10  utilities_multi_timer.o(i.timer_ticks)
    UARTPrescTable                           0x08011ed8   Data          24  stm32h7xx_hal_uart.o(.constdata)
    D1CorePrescTable                         0x08011f00   Data          16  system_stm32h7xx.o(.constdata)
    fw_fcode_burn                            0x08011f10   Data        1784  chsc6x_comp.o(.constdata)
    chsc_boot                                0x08012608   Data       18056  chsc6x_comp.o(.constdata)
    logo_map                                 0x0801d136   Data       115200  logo.o(.constdata)
    logo                                     0x08039338   Data          12  logo.o(.constdata)
    inf_vol_35_map                           0x08039344   Data        3675  inf_vol_35.o(.constdata)
    inf_vol_35                               0x0803a1a0   Data          12  inf_vol_35.o(.constdata)
    inf_bf_80_map                            0x0803a1ac   Data       30603  inf_bf_80.o(.constdata)
    inf_bf_80                                0x08041938   Data          12  inf_bf_80.o(.constdata)
    Region$$Table$$Base                      0x08041994   Number         0  anon$$obj.o(Region$$Table)
    Region$$Table$$Limit                     0x080419b4   Number         0  anon$$obj.o(Region$$Table)
    uwTickFreq                               0x24000000   Data           1  stm32h7xx_hal.o(.data)
    uwTickPrio                               0x24000004   Data           4  stm32h7xx_hal.o(.data)
    uwTick                                   0x24000008   Data           4  stm32h7xx_hal.o(.data)
    SystemCoreClock                          0x2400000c   Data           4  system_stm32h7xx.o(.data)
    SystemD2Clock                            0x24000010   Data           4  system_stm32h7xx.o(.data)
    g_pfw_infos                              0x24000028   Data           4  chsc6x_comp.o(.data)
    lv_font_roboto_28                        0x24000c34   Data          16  lv_font_roboto_28.o(.data)
    _lv_img_cache_array                      0x24000c58   Data           4  lv_gc.o(.data)
    _lv_task_act                             0x24000c5c   Data           4  lv_gc.o(.data)
    _lv_draw_buf                             0x24000c60   Data           4  lv_gc.o(.data)
    lv_txt_encoded_size                      0x24000d38   Data           4  lv_txt.o(.data)
    lv_txt_encoded_next                      0x24000d3c   Data           4  lv_txt.o(.data)
    lv_txt_encoded_prev                      0x24000d40   Data           4  lv_txt.o(.data)
    lv_txt_encoded_get_byte_id               0x24000d44   Data           4  lv_txt.o(.data)
    lv_encoded_get_char_id                   0x24000d48   Data           4  lv_txt.o(.data)
    lv_txt_get_encoded_length                0x24000d4c   Data           4  lv_txt.o(.data)
    flush_cnt                                0x24000d98   Data           4  lv_port_disp.o(.data)
    __stdout                                 0x24000da8   Data           4  stdout.o(.data)
    buf1_1                                   0x24000dac   Data       86400  lv_port_disp.o(USE_LCD_DMA_BUF_SPACE1)
    buf1_2                                   0x24015f2c   Data       86400  lv_port_disp.o(USE_LCD_DMA_BUF_SPACE2)
    hi2c3                                    0x2402b0ac   Data          76  i2c.o(.bss)
    hspi1                                    0x2402b0f8   Data         136  spi.o(.bss)
    hdma_spi1_tx                             0x2402b180   Data         120  spi.o(.bss)
    htim3                                    0x2402b1f8   Data          76  tim.o(.bss)
    htim4                                    0x2402b244   Data          76  tim.o(.bss)
    huart2                                   0x2402b290   Data         144  usart.o(.bss)
    TP_Dev                                   0x2402b320   Data          10  chsc6x_main.o(.bss)
    lv_style_scr                             0x2402b36c   Data          60  lv_style.o(.bss)
    lv_style_transp                          0x2402b3a8   Data          60  lv_style.o(.bss)
    lv_style_transp_fit                      0x2402b3e4   Data          60  lv_style.o(.bss)
    lv_style_transp_tight                    0x2402b420   Data          60  lv_style.o(.bss)
    lv_style_plain                           0x2402b45c   Data          60  lv_style.o(.bss)
    lv_style_plain_color                     0x2402b498   Data          60  lv_style.o(.bss)
    lv_style_pretty                          0x2402b4d4   Data          60  lv_style.o(.bss)
    lv_style_pretty_color                    0x2402b510   Data          60  lv_style.o(.bss)
    lv_style_btn_rel                         0x2402b54c   Data          60  lv_style.o(.bss)
    lv_style_btn_pr                          0x2402b588   Data          60  lv_style.o(.bss)
    lv_style_btn_tgl_rel                     0x2402b5c4   Data          60  lv_style.o(.bss)
    lv_style_btn_tgl_pr                      0x2402b600   Data          60  lv_style.o(.bss)
    lv_style_btn_ina                         0x2402b63c   Data          60  lv_style.o(.bss)
    _lv_task_ll                              0x2402b678   Data          12  lv_gc.o(.bss)
    _lv_disp_ll                              0x2402b684   Data          12  lv_gc.o(.bss)
    _lv_indev_ll                             0x2402b690   Data          12  lv_gc.o(.bss)
    _lv_anim_ll                              0x2402b69c   Data          12  lv_gc.o(.bss)
    _lv_group_ll                             0x2402b6a8   Data          12  lv_gc.o(.bss)
    _lv_img_defoder_ll                       0x2402b6b4   Data          12  lv_gc.o(.bss)
    __initial_sp                             0x2403b2b0   Data           0  startup_stm32h743xx.o(STACK)



==============================================================================

Memory Map of the image

  Image Entry point : 0x08000299

  Load Region LR_IROM1 (Base: 0x08000000, Size: 0x0006ca60, Max: 0x00200000, ABSOLUTE, COMPRESSED[0x00042670])

    Execution Region ER_IROM1 (Exec base: 0x08000000, Load base: 0x08000000, Size: 0x000419b4, Max: 0x00200000, ABSOLUTE)

    Exec Addr    Load Addr    Size         Type   Attr      Idx    E Section Name        Object

    0x08000000   0x08000000   0x00000298   Data   RO            3    RESET               startup_stm32h743xx.o
    0x08000298   0x08000298   0x00000000   Code   RO        15203  * .ARM.Collect$$$$00000000  mc_w.l(entry.o)
    0x08000298   0x08000298   0x00000004   Code   RO        15481    .ARM.Collect$$$$00000001  mc_w.l(entry2.o)
    0x0800029c   0x0800029c   0x00000004   Code   RO        15484    .ARM.Collect$$$$00000004  mc_w.l(entry5.o)
    0x080002a0   0x080002a0   0x00000000   Code   RO        15486    .ARM.Collect$$$$00000008  mc_w.l(entry7b.o)
    0x080002a0   0x080002a0   0x00000000   Code   RO        15488    .ARM.Collect$$$$0000000A  mc_w.l(entry8b.o)
    0x080002a0   0x080002a0   0x00000008   Code   RO        15489    .ARM.Collect$$$$0000000B  mc_w.l(entry9a.o)
    0x080002a8   0x080002a8   0x00000004   Code   RO        15496    .ARM.Collect$$$$0000000E  mc_w.l(entry12b.o)
    0x080002ac   0x080002ac   0x00000000   Code   RO        15491    .ARM.Collect$$$$0000000F  mc_w.l(entry10a.o)
    0x080002ac   0x080002ac   0x00000000   Code   RO        15493    .ARM.Collect$$$$00000011  mc_w.l(entry11a.o)
    0x080002ac   0x080002ac   0x00000004   Code   RO        15482    .ARM.Collect$$$$00002712  mc_w.l(entry2.o)
    0x080002b0   0x080002b0   0x00000024   Code   RO            4    .text               startup_stm32h743xx.o
    0x080002d4   0x080002d4   0x00000062   Code   RO        15206    .text               mc_w.l(uldiv.o)
    0x08000336   0x08000336   0x00000024   Code   RO        15208    .text               mc_w.l(memcpya.o)
    0x0800035a   0x0800035a   0x00000024   Code   RO        15210    .text               mc_w.l(memseta.o)
    0x0800037e   0x0800037e   0x0000000e   Code   RO        15212    .text               mc_w.l(strlen.o)
    0x0800038c   0x0800038c   0x00000012   Code   RO        15216    .text               mc_w.l(strcpy.o)
    0x0800039e   0x0800039e   0x0000001e   Code   RO        15500    .text               mc_w.l(llshl.o)
    0x080003bc   0x080003bc   0x00000020   Code   RO        15502    .text               mc_w.l(llushr.o)
    0x080003dc   0x080003dc   0x00000024   Code   RO        15515    .text               mc_w.l(init.o)
    0x08000400   0x08000400   0x00000056   Code   RO        15529    .text               mc_w.l(__dczerorl2.o)
    0x08000456   0x08000456   0x00000002   PAD
    0x08000458   0x08000458   0x00000078   Code   RO         5121    i.BlockWrite        lcd_driver.o
    0x080004d0   0x080004d0   0x00000002   Code   RO          702    i.BusFault_Handler  stm32h7xx_it.o
    0x080004d2   0x080004d2   0x00000002   PAD
    0x080004d4   0x080004d4   0x0000000c   Code   RO          703    i.DMA1_Stream5_IRQHandler  stm32h7xx_it.o
    0x080004e0   0x080004e0   0x000000b4   Code   RO         1615    i.DMA_CalcBaseAndBitshift  stm32h7xx_hal_dma.o
    0x08000594   0x08000594   0x0000009c   Code   RO         1616    i.DMA_CalcDMAMUXChannelBaseAndMask  stm32h7xx_hal_dma.o
    0x08000630   0x08000630   0x00000074   Code   RO         1617    i.DMA_CalcDMAMUXRequestGenBaseAndMask  stm32h7xx_hal_dma.o
    0x080006a4   0x080006a4   0x00000054   Code   RO         1618    i.DMA_CheckFifoParam  stm32h7xx_hal_dma.o
    0x080006f8   0x080006f8   0x00000002   Code   RO          704    i.DebugMon_Handler  stm32h7xx_it.o
    0x080006fa   0x080006fa   0x00000008   Code   RO          705    i.EXTI15_10_IRQHandler  stm32h7xx_it.o
    0x08000702   0x08000702   0x00000004   Code   RO           13    i.Error_Handler     main.o
    0x08000706   0x08000706   0x00000002   PAD
    0x08000708   0x08000708   0x00000284   Code   RO         1621    i.HAL_DMA_Abort_IT  stm32h7xx_hal_dma.o
    0x0800098c   0x0800098c   0x000006e8   Code   RO         1625    i.HAL_DMA_IRQHandler  stm32h7xx_hal_dma.o
    0x08001074   0x08001074   0x000003c4   Code   RO         1626    i.HAL_DMA_Init      stm32h7xx_hal_dma.o
    0x08001438   0x08001438   0x00000024   Code   RO         2329    i.HAL_Delay         stm32h7xx_hal.o
    0x0800145c   0x0800145c   0x0000000c   Code   RO        15103    i.HAL_GPIO_EXTI_Callback  tp_port.o
    0x08001468   0x08001468   0x00000018   Code   RO         1467    i.HAL_GPIO_EXTI_IRQHandler  stm32h7xx_hal_gpio.o
    0x08001480   0x08001480   0x0000022c   Code   RO         1468    i.HAL_GPIO_Init     stm32h7xx_hal_gpio.o
    0x080016ac   0x080016ac   0x0000000a   Code   RO         1472    i.HAL_GPIO_WritePin  stm32h7xx_hal_gpio.o
    0x080016b6   0x080016b6   0x00000002   PAD
    0x080016b8   0x080016b8   0x0000000c   Code   RO         2340    i.HAL_GetREVID      stm32h7xx_hal.o
    0x080016c4   0x080016c4   0x0000000c   Code   RO         2341    i.HAL_GetTick       stm32h7xx_hal.o
    0x080016d0   0x080016d0   0x00000058   Code   RO         3096    i.HAL_I2CEx_ConfigAnalogFilter  stm32h7xx_hal_i2c_ex.o
    0x08001728   0x08001728   0x00000054   Code   RO         3097    i.HAL_I2CEx_ConfigDigitalFilter  stm32h7xx_hal_i2c_ex.o
    0x0800177c   0x0800177c   0x00000006   Code   RO         2644    i.HAL_I2C_GetState  stm32h7xx_hal_i2c.o
    0x08001782   0x08001782   0x00000002   PAD
    0x08001784   0x08001784   0x000000b8   Code   RO         2645    i.HAL_I2C_Init      stm32h7xx_hal_i2c.o
    0x0800183c   0x0800183c   0x00000124   Code   RO         2651    i.HAL_I2C_Master_Receive  stm32h7xx_hal_i2c.o
    0x08001960   0x08001960   0x00000124   Code   RO         2658    i.HAL_I2C_Master_Transmit  stm32h7xx_hal_i2c.o
    0x08001a84   0x08001a84   0x000000a8   Code   RO          529    i.HAL_I2C_MspInit   i2c.o
    0x08001b2c   0x08001b2c   0x00000010   Code   RO         2347    i.HAL_IncTick       stm32h7xx_hal.o
    0x08001b3c   0x08001b3c   0x0000005c   Code   RO         2348    i.HAL_Init          stm32h7xx_hal.o
    0x08001b98   0x08001b98   0x00000040   Code   RO         2349    i.HAL_InitTick      stm32h7xx_hal.o
    0x08001bd8   0x08001bd8   0x0000005c   Code   RO          833    i.HAL_MPU_ConfigRegion  stm32h7xx_hal_cortex.o
    0x08001c34   0x08001c34   0x0000001c   Code   RO          834    i.HAL_MPU_Disable   stm32h7xx_hal_cortex.o
    0x08001c50   0x08001c50   0x00000024   Code   RO          835    i.HAL_MPU_Enable    stm32h7xx_hal_cortex.o
    0x08001c74   0x08001c74   0x0000001c   Code   RO          808    i.HAL_MspInit       stm32h7xx_hal_msp.o
    0x08001c90   0x08001c90   0x0000001a   Code   RO          838    i.HAL_NVIC_EnableIRQ  stm32h7xx_hal_cortex.o
    0x08001caa   0x08001caa   0x00000002   PAD
    0x08001cac   0x08001cac   0x00000040   Code   RO          844    i.HAL_NVIC_SetPriority  stm32h7xx_hal_cortex.o
    0x08001cec   0x08001cec   0x00000024   Code   RO          845    i.HAL_NVIC_SetPriorityGrouping  stm32h7xx_hal_cortex.o
    0x08001d10   0x08001d10   0x00000054   Code   RO         2069    i.HAL_PWREx_ConfigSupply  stm32h7xx_hal_pwr_ex.o
    0x08001d64   0x08001d64   0x00000024   Code   RO         1089    i.HAL_RCCEx_GetD3PCLK1Freq  stm32h7xx_hal_rcc_ex.o
    0x08001d88   0x08001d88   0x00000144   Code   RO         1091    i.HAL_RCCEx_GetPLL2ClockFreq  stm32h7xx_hal_rcc_ex.o
    0x08001ecc   0x08001ecc   0x00000144   Code   RO         1092    i.HAL_RCCEx_GetPLL3ClockFreq  stm32h7xx_hal_rcc_ex.o
    0x08002010   0x08002010   0x000008d2   Code   RO         1098    i.HAL_RCCEx_PeriphCLKConfig  stm32h7xx_hal_rcc_ex.o
    0x080028e2   0x080028e2   0x00000002   PAD
    0x080028e4   0x080028e4   0x0000025c   Code   RO          974    i.HAL_RCC_ClockConfig  stm32h7xx_hal_rcc.o
    0x08002b40   0x08002b40   0x00000044   Code   RO          979    i.HAL_RCC_GetHCLKFreq  stm32h7xx_hal_rcc.o
    0x08002b84   0x08002b84   0x00000024   Code   RO          981    i.HAL_RCC_GetPCLK1Freq  stm32h7xx_hal_rcc.o
    0x08002ba8   0x08002ba8   0x00000024   Code   RO          982    i.HAL_RCC_GetPCLK2Freq  stm32h7xx_hal_rcc.o
    0x08002bcc   0x08002bcc   0x00000138   Code   RO          983    i.HAL_RCC_GetSysClockFreq  stm32h7xx_hal_rcc.o
    0x08002d04   0x08002d04   0x00000530   Code   RO          986    i.HAL_RCC_OscConfig  stm32h7xx_hal_rcc.o
    0x08003234   0x08003234   0x00000002   Code   RO         3229    i.HAL_SPI_ErrorCallback  stm32h7xx_hal_spi.o
    0x08003236   0x08003236   0x00000002   PAD
    0x08003238   0x08003238   0x00000224   Code   RO         3232    i.HAL_SPI_IRQHandler  stm32h7xx_hal_spi.o
    0x0800345c   0x0800345c   0x00000158   Code   RO         3233    i.HAL_SPI_Init      stm32h7xx_hal_spi.o
    0x080035b4   0x080035b4   0x000000dc   Code   RO          571    i.HAL_SPI_MspInit   spi.o
    0x08003690   0x08003690   0x00000002   Code   RO         3239    i.HAL_SPI_RxCpltCallback  stm32h7xx_hal_spi.o
    0x08003692   0x08003692   0x00000238   Code   RO         3241    i.HAL_SPI_Transmit  stm32h7xx_hal_spi.o
    0x080038ca   0x080038ca   0x00000002   Code   RO         3247    i.HAL_SPI_TxCpltCallback  stm32h7xx_hal_spi.o
    0x080038cc   0x080038cc   0x00000002   Code   RO         3249    i.HAL_SPI_TxRxCpltCallback  stm32h7xx_hal_spi.o
    0x080038ce   0x080038ce   0x00000026   Code   RO          849    i.HAL_SYSTICK_Config  stm32h7xx_hal_cortex.o
    0x080038f4   0x080038f4   0x00000002   Code   RO         4261    i.HAL_TIMEx_Break2Callback  stm32h7xx_hal_tim_ex.o
    0x080038f6   0x080038f6   0x00000002   Code   RO         4262    i.HAL_TIMEx_BreakCallback  stm32h7xx_hal_tim_ex.o
    0x080038f8   0x080038f8   0x00000002   Code   RO         4263    i.HAL_TIMEx_CommutCallback  stm32h7xx_hal_tim_ex.o
    0x080038fa   0x080038fa   0x00000002   PAD
    0x080038fc   0x080038fc   0x000000a4   Code   RO         4283    i.HAL_TIMEx_MasterConfigSynchronization  stm32h7xx_hal_tim_ex.o
    0x080039a0   0x080039a0   0x00000062   Code   RO         3547    i.HAL_TIM_Base_Init  stm32h7xx_hal_tim.o
    0x08003a02   0x08003a02   0x00000002   PAD
    0x08003a04   0x08003a04   0x00000064   Code   RO          613    i.HAL_TIM_Base_MspInit  tim.o
    0x08003a68   0x08003a68   0x0000008c   Code   RO         3552    i.HAL_TIM_Base_Start_IT  stm32h7xx_hal_tim.o
    0x08003af4   0x08003af4   0x000000fc   Code   RO         3556    i.HAL_TIM_ConfigClockSource  stm32h7xx_hal_tim.o
    0x08003bf0   0x08003bf0   0x00000002   Code   RO         3581    i.HAL_TIM_IC_CaptureCallback  stm32h7xx_hal_tim.o
    0x08003bf2   0x08003bf2   0x00000182   Code   RO         3595    i.HAL_TIM_IRQHandler  stm32h7xx_hal_tim.o
    0x08003d74   0x08003d74   0x00000002   Code   RO         3598    i.HAL_TIM_OC_DelayElapsedCallback  stm32h7xx_hal_tim.o
    0x08003d76   0x08003d76   0x00000002   Code   RO         3625    i.HAL_TIM_PWM_PulseFinishedCallback  stm32h7xx_hal_tim.o
    0x08003d78   0x08003d78   0x00000048   Code   RO        14913    i.HAL_TIM_PeriodElapsedCallback  timer_port.o
    0x08003dc0   0x08003dc0   0x00000002   Code   RO         3638    i.HAL_TIM_TriggerCallback  stm32h7xx_hal_tim.o
    0x08003dc2   0x08003dc2   0x00000040   Code   RO         4972    i.HAL_UARTEx_DisableFifoMode  stm32h7xx_hal_uart_ex.o
    0x08003e02   0x08003e02   0x0000004c   Code   RO         4980    i.HAL_UARTEx_SetRxFifoThreshold  stm32h7xx_hal_uart_ex.o
    0x08003e4e   0x08003e4e   0x0000004c   Code   RO         4981    i.HAL_UARTEx_SetTxFifoThreshold  stm32h7xx_hal_uart_ex.o
    0x08003e9a   0x08003e9a   0x0000006a   Code   RO         4581    i.HAL_UART_Init     stm32h7xx_hal_uart.o
    0x08003f04   0x08003f04   0x00000098   Code   RO          661    i.HAL_UART_MspInit  usart.o
    0x08003f9c   0x08003f9c   0x000000be   Code   RO         4590    i.HAL_UART_Transmit  stm32h7xx_hal_uart.o
    0x0800405a   0x0800405a   0x00000002   Code   RO          706    i.HardFault_Handler  stm32h7xx_it.o
    0x0800405c   0x0800405c   0x00000022   Code   RO         2692    i.I2C_Flush_TXDR    stm32h7xx_hal_i2c.o
    0x0800407e   0x0800407e   0x00000002   PAD
    0x08004080   0x08004080   0x00000120   Code   RO         2700    i.I2C_IsErrorOccurred  stm32h7xx_hal_i2c.o
    0x080041a0   0x080041a0   0x00000030   Code   RO         2707    i.I2C_TransferConfig  stm32h7xx_hal_i2c.o
    0x080041d0   0x080041d0   0x0000005a   Code   RO         2709    i.I2C_WaitOnFlagUntilTimeout  stm32h7xx_hal_i2c.o
    0x0800422a   0x0800422a   0x00000002   PAD
    0x0800422c   0x0800422c   0x0000009c   Code   RO         2710    i.I2C_WaitOnRXNEFlagUntilTimeout  stm32h7xx_hal_i2c.o
    0x080042c8   0x080042c8   0x0000004e   Code   RO         2711    i.I2C_WaitOnSTOPFlagUntilTimeout  stm32h7xx_hal_i2c.o
    0x08004316   0x08004316   0x00000052   Code   RO         2712    i.I2C_WaitOnTXISFlagUntilTimeout  stm32h7xx_hal_i2c.o
    0x08004368   0x08004368   0x00000048   Code   RO        14976    i.LCD_Color_Fill    lcd_port.o
    0x080043b0   0x080043b0   0x000004c4   Code   RO         5123    i.LCD_Init_1        lcd_driver.o
    0x08004874   0x08004874   0x00000004   Code   RO        14977    i.LCD_Port_Init     lcd_port.o
    0x08004878   0x08004878   0x00000012   Code   RO        15023    i.LV_Init           lv_port.o
    0x0800488a   0x0800488a   0x00000002   PAD
    0x0800488c   0x0800488c   0x0000002c   Code   RO          504    i.MX_DMA_Init       dma.o
    0x080048b8   0x080048b8   0x00000198   Code   RO          480    i.MX_GPIO_Init      gpio.o
    0x08004a50   0x08004a50   0x00000058   Code   RO          530    i.MX_I2C3_Init      i2c.o
    0x08004aa8   0x08004aa8   0x0000005c   Code   RO          572    i.MX_SPI1_Init      spi.o
    0x08004b04   0x08004b04   0x00000064   Code   RO          614    i.MX_TIM3_Init      tim.o
    0x08004b68   0x08004b68   0x00000068   Code   RO          615    i.MX_TIM4_Init      tim.o
    0x08004bd0   0x08004bd0   0x00000068   Code   RO          662    i.MX_USART2_UART_Init  usart.o
    0x08004c38   0x08004c38   0x00000002   Code   RO          707    i.MemManage_Handler  stm32h7xx_it.o
    0x08004c3a   0x08004c3a   0x00000002   Code   RO          708    i.NMI_Handler       stm32h7xx_it.o
    0x08004c3c   0x08004c3c   0x00000002   Code   RO          709    i.PendSV_Handler    stm32h7xx_it.o
    0x08004c3e   0x08004c3e   0x00000002   PAD
    0x08004c40   0x08004c40   0x00000120   Code   RO         1101    i.RCCEx_PLL2_Config  stm32h7xx_hal_rcc_ex.o
    0x08004d60   0x08004d60   0x00000120   Code   RO         1102    i.RCCEx_PLL3_Config  stm32h7xx_hal_rcc_ex.o
    0x08004e80   0x08004e80   0x0000000c   Code   RO          710    i.SPI1_IRQHandler   stm32h7xx_it.o
    0x08004e8c   0x08004e8c   0x000000bc   Code   RO         3252    i.SPI_CloseTransfer  stm32h7xx_hal_spi.o
    0x08004f48   0x08004f48   0x0000001a   Code   RO         3253    i.SPI_DMAAbortOnError  stm32h7xx_hal_spi.o
    0x08004f62   0x08004f62   0x00000042   Code   RO         3269    i.SPI_WaitOnFlagUntilTimeout  stm32h7xx_hal_spi.o
    0x08004fa4   0x08004fa4   0x00000002   Code   RO          711    i.SVC_Handler       stm32h7xx_it.o
    0x08004fa6   0x08004fa6   0x00000002   PAD
    0x08004fa8   0x08004fa8   0x00000028   Code   RO         5124    i.SendDataSPI       lcd_driver.o
    0x08004fd0   0x08004fd0   0x00000004   Code   RO          712    i.SysTick_Handler   stm32h7xx_it.o
    0x08004fd4   0x08004fd4   0x000000b8   Code   RO           14    i.SystemClock_Config  main.o
    0x0800508c   0x0800508c   0x000000dc   Code   RO         5085    i.SystemInit        system_stm32h7xx.o
    0x08005168   0x08005168   0x0000000c   Code   RO          713    i.TIM3_IRQHandler   stm32h7xx_it.o
    0x08005174   0x08005174   0x0000000c   Code   RO          714    i.TIM4_IRQHandler   stm32h7xx_it.o
    0x08005180   0x08005180   0x000000c4   Code   RO         3640    i.TIM_Base_SetConfig  stm32h7xx_hal_tim.o
    0x08005244   0x08005244   0x00000012   Code   RO         3651    i.TIM_ETR_SetConfig  stm32h7xx_hal_tim.o
    0x08005256   0x08005256   0x00000002   PAD
    0x08005258   0x08005258   0x00000014   Code   RO         3652    i.TIM_ITRx_SetConfig  stm32h7xx_hal_tim.o
    0x0800526c   0x0800526c   0x00000022   Code   RO         3660    i.TIM_TI1_ConfigInputStage  stm32h7xx_hal_tim.o
    0x0800528e   0x0800528e   0x00000024   Code   RO         3662    i.TIM_TI2_ConfigInputStage  stm32h7xx_hal_tim.o
    0x080052b2   0x080052b2   0x00000004   Code   RO        15104    i.TP_Port_Init      tp_port.o
    0x080052b6   0x080052b6   0x00000002   PAD
    0x080052b8   0x080052b8   0x00000054   Code   RO        14914    i.Timer_Port_Init   timer_port.o
    0x0800530c   0x0800530c   0x00000044   Code   RO         4985    i.UARTEx_SetNbDataToProcess  stm32h7xx_hal_uart_ex.o
    0x08005350   0x08005350   0x000000c8   Code   RO         4595    i.UART_AdvFeatureConfig  stm32h7xx_hal_uart.o
    0x08005418   0x08005418   0x00000060   Code   RO         4596    i.UART_CheckIdleState  stm32h7xx_hal_uart.o
    0x08005478   0x08005478   0x000003ac   Code   RO         4613    i.UART_SetConfig    stm32h7xx_hal_uart.o
    0x08005824   0x08005824   0x000000ca   Code   RO         4620    i.UART_WaitOnFlagUntilTimeout  stm32h7xx_hal_uart.o
    0x080058ee   0x080058ee   0x00000002   PAD
    0x080058f0   0x080058f0   0x0000004c   Code   RO        14772    i.UI_Init           lv_app.o
    0x0800593c   0x0800593c   0x00000002   Code   RO          715    i.UsageFault_Handler  stm32h7xx_it.o
    0x0800593e   0x0800593e   0x00000002   PAD
    0x08005940   0x08005940   0x00000038   Code   RO         5125    i.WriteComm         lcd_driver.o
    0x08005978   0x08005978   0x00000038   Code   RO         5126    i.WriteData         lcd_driver.o
    0x080059b0   0x080059b0   0x00000014   Code   RO         5127    i.WriteData_16bit   lcd_driver.o
    0x080059c4   0x080059c4   0x00000020   Code   RO        15427    i.__0printf$8       mc_w.l(printf8.o)
    0x080059e4   0x080059e4   0x00000028   Code   RO        15429    i.__0sprintf$8      mc_w.l(printf8.o)
    0x08005a0c   0x08005a0c   0x00000022   Code   RO          851    i.__NVIC_SetPriority  stm32h7xx_hal_cortex.o
    0x08005a2e   0x08005a2e   0x0000000e   Code   RO        15523    i.__scatterload_copy  mc_w.l(handlers.o)
    0x08005a3c   0x08005a3c   0x00000002   Code   RO        15524    i.__scatterload_null  mc_w.l(handlers.o)
    0x08005a3e   0x08005a3e   0x0000000e   Code   RO        15525    i.__scatterload_zeroinit  mc_w.l(handlers.o)
    0x08005a4c   0x08005a4c   0x00000404   Code   RO        15434    i._printf_core      mc_w.l(printf8.o)
    0x08005e50   0x08005e50   0x00000024   Code   RO        15435    i._printf_post_padding  mc_w.l(printf8.o)
    0x08005e74   0x08005e74   0x0000002e   Code   RO        15436    i._printf_pre_padding  mc_w.l(printf8.o)
    0x08005ea2   0x08005ea2   0x0000000a   Code   RO        15438    i._sputc            mc_w.l(printf8.o)
    0x08005eac   0x08005eac   0x00000078   Code   RO         8372    i.anim_ready_handler  lv_anim.o
    0x08005f24   0x08005f24   0x00000094   Code   RO         8373    i.anim_task         lv_anim.o
    0x08005fb8   0x08005fb8   0x0000003c   Code   RO         7265    i.antialias_get_opa_circ  lv_draw_rect.o
    0x08005ff4   0x08005ff4   0x00000098   Code   RO         5191    i.chsc6x_boot_ver_comp  chsc6x_comp.o
    0x0800608c   0x0800608c   0x00000090   Code   RO         5192    i.chsc6x_bulk_down_check  chsc6x_comp.o
    0x0800611c   0x0800611c   0x00000180   Code   RO         5193    i.chsc6x_cfg_update  chsc6x_comp.o
    0x0800629c   0x0800629c   0x00000024   Code   RO         5194    i.chsc6x_checksumEx  chsc6x_comp.o
    0x080062c0   0x080062c0   0x0000001e   Code   RO         5195    i.chsc6x_checksum_u16  chsc6x_comp.o
    0x080062de   0x080062de   0x00000002   PAD
    0x080062e0   0x080062e0   0x000000d4   Code   RO         5196    i.chsc6x_cmd_send   chsc6x_comp.o
    0x080063b4   0x080063b4   0x0000001c   Code   RO         5197    i.chsc6x_do_update_ifneed  chsc6x_comp.o
    0x080063d0   0x080063d0   0x000000c8   Code   RO         5198    i.chsc6x_download_ramcode  chsc6x_comp.o
    0x08006498   0x08006498   0x000000f8   Code   RO         5199    i.chsc6x_find_ver   chsc6x_comp.o
    0x08006590   0x08006590   0x00000034   Code   RO         5201    i.chsc6x_get_i2cmode  chsc6x_comp.o
    0x080065c4   0x080065c4   0x00000054   Code   RO         5202    i.chsc6x_get_running_cfg  chsc6x_comp.o
    0x08006618   0x08006618   0x00000034   Code   RO         5389    i.chsc6x_i2c_read   chsc6x_platform.o
    0x0800664c   0x0800664c   0x000000b8   Code   RO         5346    i.chsc6x_init       chsc6x_main.o
    0x08006704   0x08006704   0x00000004   Code   RO         5390    i.chsc6x_msleep     chsc6x_platform.o
    0x08006708   0x08006708   0x000000a8   Code   RO         5204    i.chsc6x_read_burn_space  chsc6x_comp.o
    0x080067b0   0x080067b0   0x00000064   Code   RO         5205    i.chsc6x_read_bytes_u16addr  chsc6x_comp.o
    0x08006814   0x08006814   0x0000005c   Code   RO         5391    i.chsc6x_read_bytes_u16addr_sub  chsc6x_platform.o
    0x08006870   0x08006870   0x00000090   Code   RO         5347    i.chsc6x_read_touch_info  chsc6x_main.o
    0x08006900   0x08006900   0x0000005c   Code   RO         5206    i.chsc6x_set_dd_mode  chsc6x_comp.o
    0x0800695c   0x0800695c   0x00000278   Code   RO         5207    i.chsc6x_tp_dect    chsc6x_comp.o
    0x08006bd4   0x08006bd4   0x00000130   Code   RO         5208    i.chsc6x_tp_mccode  chsc6x_comp.o
    0x08006d04   0x08006d04   0x0000002c   Code   RO         5392    i.chsc6x_tp_reset   chsc6x_platform.o
    0x08006d30   0x08006d30   0x00000028   Code   RO         5393    i.chsc6x_tp_reset_active  chsc6x_platform.o
    0x08006d58   0x08006d58   0x0000017c   Code   RO         5209    i.chsc6x_update_compat_ctl  chsc6x_comp.o
    0x08006ed4   0x08006ed4   0x00000118   Code   RO         5210    i.chsc6x_update_fcomp_boot  chsc6x_comp.o
    0x08006fec   0x08006fec   0x000000a0   Code   RO         5211    i.chsc6x_update_fcomp_cfg  chsc6x_comp.o
    0x0800708c   0x0800708c   0x000000a8   Code   RO         5212    i.chsc6x_write_burn_space  chsc6x_comp.o
    0x08007134   0x08007134   0x00000064   Code   RO         5213    i.chsc6x_write_bytes_u16addr  chsc6x_comp.o
    0x08007198   0x08007198   0x0000004c   Code   RO         5394    i.chsc6x_write_bytes_u16addr_sub  chsc6x_platform.o
    0x080071e4   0x080071e4   0x000000b4   Code   RO         6042    i.delete_children   lv_obj.o
    0x08007298   0x08007298   0x0000002c   Code   RO        15058    i.disp_flush        lv_port_disp.o
    0x080072c4   0x080072c4   0x00000024   Code   RO         8848    i.ent_get_next      lv_mem.o
    0x080072e8   0x080072e8   0x00000042   Code   RO         8849    i.ent_trunc         lv_mem.o
    0x0800732a   0x0800732a   0x000000cc   Code   RO         5574    i.focus_next_core   lv_group.o
    0x080073f6   0x080073f6   0x00000002   PAD
    0x080073f8   0x080073f8   0x00000018   Code   RO           15    i.fputc             main.o
    0x08007410   0x08007410   0x0000011c   Code   RO         7611    i.get_glyph_dsc_id  lv_font_fmt_txt.o
    0x0800752c   0x0800752c   0x00000090   Code   RO         7612    i.get_kern_value    lv_font_fmt_txt.o
    0x080075bc   0x080075bc   0x00000040   Code   RO         7177    i.hex_char_to_num   lv_draw_label.o
    0x080075fc   0x080075fc   0x000001e4   Code   RO         5859    i.indev_drag        lv_indev.o
    0x080077e0   0x080077e0   0x0000019c   Code   RO         5860    i.indev_drag_throw  lv_indev.o
    0x0800797c   0x0800797c   0x000002e4   Code   RO         5861    i.indev_encoder_proc  lv_indev.o
    0x08007c60   0x08007c60   0x000001f4   Code   RO         5862    i.indev_keypad_proc  lv_indev.o
    0x08007e54   0x08007e54   0x00000268   Code   RO         5863    i.indev_proc_press  lv_indev.o
    0x080080bc   0x080080bc   0x000001c8   Code   RO         5864    i.indev_proc_release  lv_indev.o
    0x08008284   0x08008284   0x0000003c   Code   RO         5865    i.indev_proc_reset_query_handler  lv_indev.o
    0x080082c0   0x080082c0   0x00000018   Code   RO         5866    i.indev_reset_check  lv_indev.o
    0x080082d8   0x080082d8   0x00000062   Code   RO         5867    i.indev_search_obj  lv_indev.o
    0x0800833a   0x0800833a   0x00000002   PAD
    0x0800833c   0x0800833c   0x0000026c   Code   RO        14773    i.inf_display_ui    lv_app.o
    0x080085a8   0x080085a8   0x000000cc   Code   RO         5214    i.is_tpcfg_update_allow  chsc6x_comp.o
    0x08008674   0x08008674   0x00000068   Code   RO         5215    i.is_valid_cfg_data  chsc6x_comp.o
    0x080086dc   0x080086dc   0x00000014   Code   RO         7613    i.kern_pair_16_compare  lv_font_fmt_txt.o
    0x080086f0   0x080086f0   0x00000014   Code   RO         7614    i.kern_pair_8_compare  lv_font_fmt_txt.o
    0x08008704   0x08008704   0x00000078   Code   RO         7212    i.line_draw_hor     lv_draw_line.o
    0x0800877c   0x0800877c   0x00000934   Code   RO         7213    i.line_draw_skew    lv_draw_line.o
    0x080090b0   0x080090b0   0x0000007e   Code   RO         7214    i.line_draw_ver     lv_draw_line.o
    0x0800912e   0x0800912e   0x00000002   PAD
    0x08009130   0x08009130   0x00000078   Code   RO         7215    i.line_init         lv_draw_line.o
    0x080091a8   0x080091a8   0x00000054   Code   RO         7216    i.line_next         lv_draw_line.o
    0x080091fc   0x080091fc   0x00000068   Code   RO        14774    i.log_display_ui    lv_app.o
    0x08009264   0x08009264   0x00000030   Code   RO         8374    i.lv_anim_core_init  lv_anim.o
    0x08009294   0x08009294   0x0000004c   Code   RO         8376    i.lv_anim_create    lv_anim.o
    0x080092e0   0x080092e0   0x00000060   Code   RO         8377    i.lv_anim_del       lv_anim.o
    0x08009340   0x08009340   0x00000026   Code   RO         8383    i.lv_anim_path_linear  lv_anim.o
    0x08009366   0x08009366   0x00000026   Code   RO         8386    i.lv_anim_speed_to_time  lv_anim.o
    0x0800938c   0x0800938c   0x0000001e   Code   RO         8528    i.lv_area_get_size  lv_area.o
    0x080093aa   0x080093aa   0x0000000c   Code   RO         7178    i.lv_area_get_width  lv_draw_label.o
    0x080093b6   0x080093b6   0x00000052   Code   RO         8529    i.lv_area_intersect  lv_area.o
    0x08009408   0x08009408   0x0000003a   Code   RO         8530    i.lv_area_is_in     lv_area.o
    0x08009442   0x08009442   0x00000038   Code   RO         8531    i.lv_area_is_on     lv_area.o
    0x0800947a   0x0800947a   0x00000032   Code   RO         8532    i.lv_area_is_point_on  lv_area.o
    0x080094ac   0x080094ac   0x00000044   Code   RO         8533    i.lv_area_join      lv_area.o
    0x080094f0   0x080094f0   0x0000000e   Code   RO         8534    i.lv_area_set       lv_area.o
    0x080094fe   0x080094fe   0x0000000a   Code   RO         8535    i.lv_area_set_height  lv_area.o
    0x08009508   0x08009508   0x00000016   Code   RO         9305    i.lv_bar_anim       lv_bar.o
    0x0800951e   0x0800951e   0x00000020   Code   RO         9306    i.lv_bar_anim_ready  lv_bar.o
    0x0800953e   0x0800953e   0x00000002   PAD
    0x08009540   0x08009540   0x000000f4   Code   RO         9307    i.lv_bar_create     lv_bar.o
    0x08009634   0x08009634   0x00000254   Code   RO         9308    i.lv_bar_design     lv_bar.o
    0x08009888   0x08009888   0x00000024   Code   RO         9312    i.lv_bar_get_style  lv_bar.o
    0x080098ac   0x080098ac   0x0000005a   Code   RO         9316    i.lv_bar_set_range  lv_bar.o
    0x08009906   0x08009906   0x0000002c   Code   RO         9317    i.lv_bar_set_style  lv_bar.o
    0x08009932   0x08009932   0x00000002   PAD
    0x08009934   0x08009934   0x0000009c   Code   RO         9319    i.lv_bar_set_value  lv_bar.o
    0x080099d0   0x080099d0   0x00000064   Code   RO         9320    i.lv_bar_signal     lv_bar.o
    0x08009a34   0x08009a34   0x00000014   Code   RO         8619    i.lv_circ_cont      lv_circ.o
    0x08009a48   0x08009a48   0x00000010   Code   RO         8620    i.lv_circ_init      lv_circ.o
    0x08009a58   0x08009a58   0x00000030   Code   RO         8621    i.lv_circ_next      lv_circ.o
    0x08009a88   0x08009a88   0x00000020   Code   RO         6747    i.lv_color_make     lv_style.o
    0x08009aa8   0x08009aa8   0x00000054   Code   RO         6991    i.lv_color_mix      lv_draw_basic.o
    0x08009afc   0x08009afc   0x00000054   Code   RO         7266    i.lv_color_mix      lv_draw_rect.o
    0x08009b50   0x08009b50   0x000000b8   Code   RO        10481    i.lv_cont_create    lv_cont.o
    0x08009c08   0x08009c08   0x0000000e   Code   RO        10486    i.lv_cont_get_layout  lv_cont.o
    0x08009c16   0x08009c16   0x000000c6   Code   RO        10487    i.lv_cont_layout_center  lv_cont.o
    0x08009cdc   0x08009cdc   0x0000009a   Code   RO        10488    i.lv_cont_layout_col  lv_cont.o
    0x08009d76   0x08009d76   0x00000002   PAD
    0x08009d78   0x08009d78   0x000000f6   Code   RO        10489    i.lv_cont_layout_grid  lv_cont.o
    0x08009e6e   0x08009e6e   0x00000210   Code   RO        10490    i.lv_cont_layout_pretty  lv_cont.o
    0x0800a07e   0x0800a07e   0x00000098   Code   RO        10491    i.lv_cont_layout_row  lv_cont.o
    0x0800a116   0x0800a116   0x00000002   PAD
    0x0800a118   0x0800a118   0x000002a4   Code   RO        10492    i.lv_cont_refr_autofit  lv_cont.o
    0x0800a3bc   0x0800a3bc   0x00000072   Code   RO        10493    i.lv_cont_refr_layout  lv_cont.o
    0x0800a42e   0x0800a42e   0x00000064   Code   RO        10494    i.lv_cont_set_fit4  lv_cont.o
    0x0800a492   0x0800a492   0x00000002   PAD
    0x0800a494   0x0800a494   0x00000090   Code   RO        10496    i.lv_cont_signal    lv_cont.o
    0x0800a524   0x0800a524   0x0000001e   Code   RO         8063    i.lv_disp_buf_init  lv_hal_disp.o
    0x0800a542   0x0800a542   0x00000002   PAD
    0x0800a544   0x0800a544   0x00000038   Code   RO         8064    i.lv_disp_drv_init  lv_hal_disp.o
    0x0800a57c   0x0800a57c   0x000000ac   Code   RO         8065    i.lv_disp_drv_register  lv_hal_disp.o
    0x0800a628   0x0800a628   0x0000000c   Code   RO         8067    i.lv_disp_flush_ready  lv_hal_disp.o
    0x0800a634   0x0800a634   0x00000018   Code   RO         8068    i.lv_disp_get_antialiasing  lv_hal_disp.o
    0x0800a64c   0x0800a64c   0x00000004   Code   RO         8069    i.lv_disp_get_buf   lv_hal_disp.o
    0x0800a650   0x0800a650   0x0000000c   Code   RO         8070    i.lv_disp_get_default  lv_hal_disp.o
    0x0800a65c   0x0800a65c   0x00000024   Code   RO         8071    i.lv_disp_get_hor_res  lv_hal_disp.o
    0x0800a680   0x0800a680   0x0000000a   Code   RO         8072    i.lv_disp_get_inv_buf_size  lv_hal_disp.o
    0x0800a68a   0x0800a68a   0x00000010   Code   RO         5454    i.lv_disp_get_layer_sys  lv_disp.o
    0x0800a69a   0x0800a69a   0x00000010   Code   RO         5455    i.lv_disp_get_layer_top  lv_disp.o
    0x0800a6aa   0x0800a6aa   0x00000010   Code   RO         5457    i.lv_disp_get_scr_act  lv_disp.o
    0x0800a6ba   0x0800a6ba   0x00000002   PAD
    0x0800a6bc   0x0800a6bc   0x00000024   Code   RO         8074    i.lv_disp_get_ver_res  lv_hal_disp.o
    0x0800a6e0   0x0800a6e0   0x00000012   Code   RO         8075    i.lv_disp_is_double_buf  lv_hal_disp.o
    0x0800a6f2   0x0800a6f2   0x00000024   Code   RO         8076    i.lv_disp_is_true_double_buf  lv_hal_disp.o
    0x0800a716   0x0800a716   0x00000018   Code   RO         8077    i.lv_disp_pop_from_inv_buf  lv_hal_disp.o
    0x0800a72e   0x0800a72e   0x00000002   PAD
    0x0800a730   0x0800a730   0x0000010c   Code   RO         6650    i.lv_disp_refr_task  lv_refr.o
    0x0800a83c   0x0800a83c   0x00000034   Code   RO         6822    i.lv_draw_aa_get_opa  lv_draw.o
    0x0800a870   0x0800a870   0x0000004e   Code   RO         6823    i.lv_draw_aa_hor_seg  lv_draw.o
    0x0800a8be   0x0800a8be   0x0000004e   Code   RO         6824    i.lv_draw_aa_ver_seg  lv_draw.o
    0x0800a90c   0x0800a90c   0x0000003a   Code   RO         7267    i.lv_draw_cont_radius_corr  lv_draw_rect.o
    0x0800a946   0x0800a946   0x00000072   Code   RO         6992    i.lv_draw_fill      lv_draw_basic.o
    0x0800a9b8   0x0800a9b8   0x00000020   Code   RO         6825    i.lv_draw_free_buf  lv_draw.o
    0x0800a9d8   0x0800a9d8   0x0000003c   Code   RO         6826    i.lv_draw_get_buf   lv_draw.o
    0x0800aa14   0x0800aa14   0x0000005c   Code   RO         7091    i.lv_draw_img       lv_draw_img.o
    0x0800aa70   0x0800aa70   0x0000043c   Code   RO         7179    i.lv_draw_label     lv_draw_label.o
    0x0800aeac   0x0800aeac   0x000002c0   Code   RO         6993    i.lv_draw_letter    lv_draw_basic.o
    0x0800b16c   0x0800b16c   0x000001f4   Code   RO         7217    i.lv_draw_line      lv_draw_line.o
    0x0800b360   0x0800b360   0x000002a8   Code   RO         6994    i.lv_draw_map       lv_draw_basic.o
    0x0800b608   0x0800b608   0x000000a8   Code   RO         6995    i.lv_draw_px        lv_draw_basic.o
    0x0800b6b0   0x0800b6b0   0x0000009a   Code   RO         7268    i.lv_draw_rect      lv_draw_rect.o
    0x0800b74a   0x0800b74a   0x00000a68   Code   RO         7269    i.lv_draw_rect_border_corner  lv_draw_rect.o
    0x0800c1b2   0x0800c1b2   0x000003c8   Code   RO         7270    i.lv_draw_rect_border_straight  lv_draw_rect.o
    0x0800c57a   0x0800c57a   0x00000826   Code   RO         7271    i.lv_draw_rect_main_corner  lv_draw_rect.o
    0x0800cda0   0x0800cda0   0x00000134   Code   RO         7272    i.lv_draw_rect_main_mid  lv_draw_rect.o
    0x0800ced4   0x0800ced4   0x000000a2   Code   RO         7273    i.lv_draw_shadow    lv_draw_rect.o
    0x0800cf76   0x0800cf76   0x00000212   Code   RO         7274    i.lv_draw_shadow_bottom  lv_draw_rect.o
    0x0800d188   0x0800d188   0x0000032e   Code   RO         7275    i.lv_draw_shadow_full  lv_draw_rect.o
    0x0800d4b6   0x0800d4b6   0x00000002   PAD
    0x0800d4b8   0x0800d4b8   0x0000015e   Code   RO         7276    i.lv_draw_shadow_full_straight  lv_draw_rect.o
    0x0800d616   0x0800d616   0x00000002   PAD
    0x0800d618   0x0800d618   0x0000001c   Code   RO         6044    i.lv_event_mark_deleted  lv_obj.o
    0x0800d634   0x0800d634   0x0000001a   Code   RO         6045    i.lv_event_send     lv_obj.o
    0x0800d64e   0x0800d64e   0x00000002   PAD
    0x0800d650   0x0800d650   0x00000074   Code   RO         6046    i.lv_event_send_func  lv_obj.o
    0x0800d6c4   0x0800d6c4   0x00000020   Code   RO         7615    i.lv_font_get_bitmap_fmt_txt  lv_font_fmt_txt.o
    0x0800d6e4   0x0800d6e4   0x00000004   Code   RO         7568    i.lv_font_get_glyph_bitmap  lv_font.o
    0x0800d6e8   0x0800d6e8   0x0000000a   Code   RO         7569    i.lv_font_get_glyph_dsc  lv_font.o
    0x0800d6f2   0x0800d6f2   0x00000068   Code   RO         7616    i.lv_font_get_glyph_dsc_fmt_txt  lv_font_fmt_txt.o
    0x0800d75a   0x0800d75a   0x00000016   Code   RO         7570    i.lv_font_get_glyph_width  lv_font.o
    0x0800d770   0x0800d770   0x00000056   Code   RO         5576    i.lv_group_add_obj  lv_group.o
    0x0800d7c6   0x0800d7c6   0x00000002   PAD
    0x0800d7c8   0x0800d7c8   0x00000010   Code   RO         5580    i.lv_group_focus_next  lv_group.o
    0x0800d7d8   0x0800d7d8   0x0000009a   Code   RO         5581    i.lv_group_focus_obj  lv_group.o
    0x0800d872   0x0800d872   0x00000002   PAD
    0x0800d874   0x0800d874   0x00000010   Code   RO         5582    i.lv_group_focus_prev  lv_group.o
    0x0800d884   0x0800d884   0x0000000e   Code   RO         5583    i.lv_group_get_click_focus  lv_group.o
    0x0800d892   0x0800d892   0x0000000e   Code   RO         5584    i.lv_group_get_editing  lv_group.o
    0x0800d8a0   0x0800d8a0   0x0000000e   Code   RO         5586    i.lv_group_get_focused  lv_group.o
    0x0800d8ae   0x0800d8ae   0x00000002   PAD
    0x0800d8b0   0x0800d8b0   0x0000000c   Code   RO         5590    i.lv_group_init     lv_group.o
    0x0800d8bc   0x0800d8bc   0x00000026   Code   RO         5591    i.lv_group_mod_style  lv_group.o
    0x0800d8e2   0x0800d8e2   0x00000032   Code   RO         5592    i.lv_group_refocus  lv_group.o
    0x0800d914   0x0800d914   0x0000007c   Code   RO         5594    i.lv_group_remove_obj  lv_group.o
    0x0800d990   0x0800d990   0x00000026   Code   RO         5596    i.lv_group_send_data  lv_group.o
    0x0800d9b6   0x0800d9b6   0x00000046   Code   RO         5598    i.lv_group_set_editing  lv_group.o
    0x0800d9fc   0x0800d9fc   0x00000054   Code   RO         7393    i.lv_img_cache_invalidate_src  lv_img_cache.o
    0x0800da50   0x0800da50   0x000000fc   Code   RO         7394    i.lv_img_cache_open  lv_img_cache.o
    0x0800db4c   0x0800db4c   0x00000064   Code   RO         7395    i.lv_img_cache_set_size  lv_img_cache.o
    0x0800dbb0   0x0800dbb0   0x00000034   Code   RO         7097    i.lv_img_color_format_get_px_size  lv_draw_img.o
    0x0800dbe4   0x0800dbe4   0x00000026   Code   RO         7098    i.lv_img_color_format_has_alpha  lv_draw_img.o
    0x0800dc0a   0x0800dc0a   0x00000018   Code   RO         7099    i.lv_img_color_format_is_chroma_keyed  lv_draw_img.o
    0x0800dc22   0x0800dc22   0x00000002   PAD
    0x0800dc24   0x0800dc24   0x000000d0   Code   RO        10917    i.lv_img_create     lv_img.o
    0x0800dcf4   0x0800dcf4   0x0000001e   Code   RO         7432    i.lv_img_decoder_built_in_close  lv_img_decoder.o
    0x0800dd12   0x0800dd12   0x0000005e   Code   RO         7433    i.lv_img_decoder_built_in_info  lv_img_decoder.o
    0x0800dd70   0x0800dd70   0x00000178   Code   RO         7434    i.lv_img_decoder_built_in_line_alpha  lv_img_decoder.o
    0x0800dee8   0x0800dee8   0x00000124   Code   RO         7435    i.lv_img_decoder_built_in_line_indexed  lv_img_decoder.o
    0x0800e00c   0x0800e00c   0x000000d8   Code   RO         7436    i.lv_img_decoder_built_in_open  lv_img_decoder.o
    0x0800e0e4   0x0800e0e4   0x0000005e   Code   RO         7437    i.lv_img_decoder_built_in_read_line  lv_img_decoder.o
    0x0800e142   0x0800e142   0x00000012   Code   RO         7438    i.lv_img_decoder_close  lv_img_decoder.o
    0x0800e154   0x0800e154   0x0000001c   Code   RO         7439    i.lv_img_decoder_create  lv_img_decoder.o
    0x0800e170   0x0800e170   0x00000044   Code   RO         7441    i.lv_img_decoder_get_info  lv_img_decoder.o
    0x0800e1b4   0x0800e1b4   0x00000038   Code   RO         7442    i.lv_img_decoder_init  lv_img_decoder.o
    0x0800e1ec   0x0800e1ec   0x00000070   Code   RO         7443    i.lv_img_decoder_open  lv_img_decoder.o
    0x0800e25c   0x0800e25c   0x00000026   Code   RO         7444    i.lv_img_decoder_read_line  lv_img_decoder.o
    0x0800e282   0x0800e282   0x00000002   PAD
    0x0800e284   0x0800e284   0x00000156   Code   RO        10918    i.lv_img_design     lv_img.o
    0x0800e3da   0x0800e3da   0x00000002   PAD
    0x0800e3dc   0x0800e3dc   0x00000154   Code   RO         7100    i.lv_img_draw_core  lv_draw_img.o
    0x0800e530   0x0800e530   0x0000000e   Code   RO        10919    i.lv_img_get_auto_size  lv_img.o
    0x0800e53e   0x0800e53e   0x00000116   Code   RO        10927    i.lv_img_set_src    lv_img.o
    0x0800e654   0x0800e654   0x0000008c   Code   RO        10928    i.lv_img_signal     lv_img.o
    0x0800e6e0   0x0800e6e0   0x00000024   Code   RO         7101    i.lv_img_src_get_type  lv_draw_img.o
    0x0800e704   0x0800e704   0x00000022   Code   RO         8242    i.lv_indev_drv_init  lv_hal_indev.o
    0x0800e726   0x0800e726   0x00000002   PAD
    0x0800e728   0x0800e728   0x0000005c   Code   RO         8243    i.lv_indev_drv_register  lv_hal_indev.o
    0x0800e784   0x0800e784   0x0000000c   Code   RO         5869    i.lv_indev_get_act  lv_indev.o
    0x0800e790   0x0800e790   0x00000014   Code   RO         8245    i.lv_indev_get_next  lv_hal_indev.o
    0x0800e7a4   0x0800e7a4   0x0000000c   Code   RO         5871    i.lv_indev_get_obj_act  lv_indev.o
    0x0800e7b0   0x0800e7b0   0x00000006   Code   RO         5876    i.lv_indev_init     lv_indev.o
    0x0800e7b6   0x0800e7b6   0x00000032   Code   RO         8246    i.lv_indev_read     lv_hal_indev.o
    0x0800e7e8   0x0800e7e8   0x00000120   Code   RO         5878    i.lv_indev_read_task  lv_indev.o
    0x0800e908   0x0800e908   0x0000002a   Code   RO         5879    i.lv_indev_reset    lv_indev.o
    0x0800e932   0x0800e932   0x00000002   PAD
    0x0800e934   0x0800e934   0x00000054   Code   RO         6047    i.lv_init           lv_obj.o
    0x0800e988   0x0800e988   0x000000b4   Code   RO         6651    i.lv_inv_area       lv_refr.o
    0x0800ea3c   0x0800ea3c   0x0000017c   Code   RO        11154    i.lv_label_create   lv_label.o
    0x0800ebb8   0x0800ebb8   0x000001fa   Code   RO        11156    i.lv_label_design   lv_label.o
    0x0800edb2   0x0800edb2   0x00000024   Code   RO        11157    i.lv_label_dot_tmp_free  lv_label.o
    0x0800edd6   0x0800edd6   0x0000000e   Code   RO        11158    i.lv_label_get_align  lv_label.o
    0x0800ede4   0x0800ede4   0x0000000e   Code   RO        11160    i.lv_label_get_body_draw  lv_label.o
    0x0800edf2   0x0800edf2   0x00000002   PAD
    0x0800edf4   0x0800edf4   0x0000015c   Code   RO        11161    i.lv_label_get_letter_on  lv_label.o
    0x0800ef50   0x0800ef50   0x0000000e   Code   RO        11163    i.lv_label_get_long_mode  lv_label.o
    0x0800ef5e   0x0800ef5e   0x0000000e   Code   RO        11164    i.lv_label_get_recolor  lv_label.o
    0x0800ef6c   0x0800ef6c   0x0000000a   Code   RO        11165    i.lv_label_get_text  lv_label.o
    0x0800ef76   0x0800ef76   0x00000002   PAD
    0x0800ef78   0x0800ef78   0x0000034c   Code   RO        11170    i.lv_label_refr_text  lv_label.o
    0x0800f2c4   0x0800f2c4   0x0000006c   Code   RO        11171    i.lv_label_revert_dots  lv_label.o
    0x0800f330   0x0800f330   0x00000026   Code   RO        11172    i.lv_label_set_align  lv_label.o
    0x0800f356   0x0800f356   0x0000002c   Code   RO        11175    i.lv_label_set_body_draw  lv_label.o
    0x0800f382   0x0800f382   0x00000056   Code   RO        11176    i.lv_label_set_dot_tmp  lv_label.o
    0x0800f3d8   0x0800f3d8   0x0000008c   Code   RO        11177    i.lv_label_set_long_mode  lv_label.o
    0x0800f464   0x0800f464   0x00000016   Code   RO        11178    i.lv_label_set_offset_x  lv_label.o
    0x0800f47a   0x0800f47a   0x00000016   Code   RO        11179    i.lv_label_set_offset_y  lv_label.o
    0x0800f490   0x0800f490   0x00000026   Code   RO        11180    i.lv_label_set_recolor  lv_label.o
    0x0800f4b6   0x0800f4b6   0x00000034   Code   RO        11181    i.lv_label_set_static_text  lv_label.o
    0x0800f4ea   0x0800f4ea   0x0000006e   Code   RO        11182    i.lv_label_set_text  lv_label.o
    0x0800f558   0x0800f558   0x000000f8   Code   RO        11185    i.lv_label_signal   lv_label.o
    0x0800f650   0x0800f650   0x00000068   Code   RO         8716    i.lv_ll_chg_list    lv_ll.o
    0x0800f6b8   0x0800f6b8   0x0000000c   Code   RO         8718    i.lv_ll_get_head    lv_ll.o
    0x0800f6c4   0x0800f6c4   0x00000012   Code   RO         8720    i.lv_ll_get_next    lv_ll.o
    0x0800f6d6   0x0800f6d6   0x00000010   Code   RO         8721    i.lv_ll_get_prev    lv_ll.o
    0x0800f6e6   0x0800f6e6   0x0000000c   Code   RO         8722    i.lv_ll_get_tail    lv_ll.o
    0x0800f6f2   0x0800f6f2   0x00000014   Code   RO         8723    i.lv_ll_init        lv_ll.o
    0x0800f706   0x0800f706   0x0000003c   Code   RO         8724    i.lv_ll_ins_head    lv_ll.o
    0x0800f742   0x0800f742   0x00000066   Code   RO         8725    i.lv_ll_ins_prev    lv_ll.o
    0x0800f7a8   0x0800f7a8   0x00000042   Code   RO         8726    i.lv_ll_ins_tail    lv_ll.o
    0x0800f7ea   0x0800f7ea   0x00000012   Code   RO         8727    i.lv_ll_is_empty    lv_ll.o
    0x0800f7fc   0x0800f7fc   0x00000060   Code   RO         8728    i.lv_ll_move_before  lv_ll.o
    0x0800f85c   0x0800f85c   0x00000078   Code   RO         8729    i.lv_ll_rem         lv_ll.o
    0x0800f8d4   0x0800f8d4   0x0000001c   Code   RO        11654    i.lv_lmeter_coord_round  lv_lmeter.o
    0x0800f8f0   0x0800f8f0   0x000000a4   Code   RO        11655    i.lv_lmeter_create  lv_lmeter.o
    0x0800f994   0x0800f994   0x0000020c   Code   RO        11656    i.lv_lmeter_design  lv_lmeter.o
    0x0800fba0   0x0800fba0   0x00000056   Code   RO        11662    i.lv_lmeter_set_range  lv_lmeter.o
    0x0800fbf6   0x0800fbf6   0x00000028   Code   RO        11663    i.lv_lmeter_set_scale  lv_lmeter.o
    0x0800fc1e   0x0800fc1e   0x00000036   Code   RO        11664    i.lv_lmeter_set_value  lv_lmeter.o
    0x0800fc54   0x0800fc54   0x00000074   Code   RO        11665    i.lv_lmeter_signal  lv_lmeter.o
    0x0800fcc8   0x0800fcc8   0x0000005c   Code   RO         8850    i.lv_mem_alloc      lv_mem.o
    0x0800fd24   0x0800fd24   0x00000054   Code   RO         8852    i.lv_mem_free       lv_mem.o
    0x0800fd78   0x0800fd78   0x0000001c   Code   RO         8853    i.lv_mem_get_size   lv_mem.o
    0x0800fd94   0x0800fd94   0x00000020   Code   RO         8854    i.lv_mem_init       lv_mem.o
    0x0800fdb4   0x0800fdb4   0x00000054   Code   RO         8856    i.lv_mem_realloc    lv_mem.o
    0x0800fe08   0x0800fe08   0x0000020c   Code   RO         6048    i.lv_obj_align      lv_obj.o
    0x08010014   0x08010014   0x0000011c   Code   RO         6049    i.lv_obj_align_origo  lv_obj.o
    0x08010130   0x08010130   0x0000000e   Code   RO         6050    i.lv_obj_allocate_ext_attr  lv_obj.o
    0x0801013e   0x0801013e   0x00000026   Code   RO         6051    i.lv_obj_clean      lv_obj.o
    0x08010164   0x08010164   0x0000000c   Code   RO         6052    i.lv_obj_clear_protect  lv_obj.o
    0x08010170   0x08010170   0x0000024c   Code   RO         6055    i.lv_obj_create     lv_obj.o
    0x080103bc   0x080103bc   0x000000d8   Code   RO         6056    i.lv_obj_del        lv_obj.o
    0x08010494   0x08010494   0x000000a8   Code   RO         6059    i.lv_obj_design     lv_obj.o
    0x0801053c   0x0801053c   0x0000000a   Code   RO         6060    i.lv_obj_get_auto_realign  lv_obj.o
    0x08010546   0x08010546   0x0000000e   Code   RO         6061    i.lv_obj_get_child  lv_obj.o
    0x08010554   0x08010554   0x0000000a   Code   RO         6063    i.lv_obj_get_click  lv_obj.o
    0x0801055e   0x0801055e   0x0000000a   Code   RO         6064    i.lv_obj_get_coords  lv_obj.o
    0x08010568   0x08010568   0x00000004   Code   RO         6065    i.lv_obj_get_design_cb  lv_obj.o
    0x0801056c   0x0801056c   0x00000044   Code   RO         6066    i.lv_obj_get_disp   lv_obj.o
    0x080105b0   0x080105b0   0x0000000a   Code   RO         6067    i.lv_obj_get_drag   lv_obj.o
    0x080105ba   0x080105ba   0x0000000a   Code   RO         6068    i.lv_obj_get_drag_dir  lv_obj.o
    0x080105c4   0x080105c4   0x0000000a   Code   RO         6069    i.lv_obj_get_drag_parent  lv_obj.o
    0x080105ce   0x080105ce   0x0000000a   Code   RO         6070    i.lv_obj_get_drag_throw  lv_obj.o
    0x080105d8   0x080105d8   0x00000004   Code   RO         6072    i.lv_obj_get_ext_attr  lv_obj.o
    0x080105dc   0x080105dc   0x00000004   Code   RO         6078    i.lv_obj_get_group  lv_obj.o
    0x080105e0   0x080105e0   0x0000000c   Code   RO         6079    i.lv_obj_get_height  lv_obj.o
    0x080105ec   0x080105ec   0x0000000a   Code   RO         6081    i.lv_obj_get_hidden  lv_obj.o
    0x080105f6   0x080105f6   0x00000002   PAD
    0x080105f8   0x080105f8   0x0000001c   Code   RO         6083    i.lv_obj_get_opa_scale  lv_obj.o
    0x08010614   0x08010614   0x00000004   Code   RO         6085    i.lv_obj_get_parent  lv_obj.o
    0x08010618   0x08010618   0x0000000c   Code   RO         6088    i.lv_obj_get_screen  lv_obj.o
    0x08010624   0x08010624   0x00000004   Code   RO         6089    i.lv_obj_get_signal_cb  lv_obj.o
    0x08010628   0x08010628   0x0000005c   Code   RO         6090    i.lv_obj_get_style  lv_obj.o
    0x08010684   0x08010684   0x0000000c   Code   RO         6093    i.lv_obj_get_width  lv_obj.o
    0x08010690   0x08010690   0x0000000c   Code   RO         6095    i.lv_obj_get_x      lv_obj.o
    0x0801069c   0x0801069c   0x0000000c   Code   RO         6096    i.lv_obj_get_y      lv_obj.o
    0x080106a8   0x080106a8   0x000000a4   Code   RO         6097    i.lv_obj_invalidate  lv_obj.o
    0x0801074c   0x0801074c   0x00000018   Code   RO         6098    i.lv_obj_is_focused  lv_obj.o
    0x08010764   0x08010764   0x0000000c   Code   RO         6099    i.lv_obj_is_protected  lv_obj.o
    0x08010770   0x08010770   0x00000038   Code   RO         6101    i.lv_obj_move_foreground  lv_obj.o
    0x080107a8   0x080107a8   0x00000026   Code   RO         6102    i.lv_obj_realign    lv_obj.o
    0x080107ce   0x080107ce   0x0000001c   Code   RO         6103    i.lv_obj_refresh_ext_draw_pad  lv_obj.o
    0x080107ea   0x080107ea   0x0000001c   Code   RO         6104    i.lv_obj_refresh_style  lv_obj.o
    0x08010806   0x08010806   0x0000000e   Code   RO         6106    i.lv_obj_set_auto_realign  lv_obj.o
    0x08010814   0x08010814   0x0000000e   Code   RO         6107    i.lv_obj_set_click  lv_obj.o
    0x08010822   0x08010822   0x00000004   Code   RO         6108    i.lv_obj_set_design_cb  lv_obj.o
    0x08010826   0x08010826   0x00000016   Code   RO         6115    i.lv_obj_set_height  lv_obj.o
    0x0801083c   0x0801083c   0x00000082   Code   RO         6121    i.lv_obj_set_pos    lv_obj.o
    0x080108be   0x080108be   0x0000000c   Code   RO         6122    i.lv_obj_set_protect  lv_obj.o
    0x080108ca   0x080108ca   0x00000004   Code   RO         6123    i.lv_obj_set_signal_cb  lv_obj.o
    0x080108ce   0x080108ce   0x00000080   Code   RO         6124    i.lv_obj_set_size   lv_obj.o
    0x0801094e   0x0801094e   0x00000014   Code   RO         6125    i.lv_obj_set_style  lv_obj.o
    0x08010962   0x08010962   0x00000018   Code   RO         6128    i.lv_obj_set_x      lv_obj.o
    0x0801097a   0x0801097a   0x00000016   Code   RO         6129    i.lv_obj_set_y      lv_obj.o
    0x08010990   0x08010990   0x0000005c   Code   RO         6130    i.lv_obj_signal     lv_obj.o
    0x080109ec   0x080109ec   0x00000044   Code   RO        15059    i.lv_port_disp_init  lv_port_disp.o
    0x08010a30   0x08010a30   0x00000024   Code   RO        15137    i.lv_port_indev_init  lv_port_indev.o
    0x08010a54   0x08010a54   0x00000128   Code   RO         6652    i.lv_refr_area      lv_refr.o
    0x08010b7c   0x08010b7c   0x00000068   Code   RO         6653    i.lv_refr_area_part  lv_refr.o
    0x08010be4   0x08010be4   0x0000004c   Code   RO         6654    i.lv_refr_areas     lv_refr.o
    0x08010c30   0x08010c30   0x0000000c   Code   RO         6655    i.lv_refr_get_disp_refreshing  lv_refr.o
    0x08010c3c   0x08010c3c   0x00000064   Code   RO         6656    i.lv_refr_get_top_obj  lv_refr.o
    0x08010ca0   0x08010ca0   0x00000002   Code   RO         6657    i.lv_refr_init      lv_refr.o
    0x08010ca2   0x08010ca2   0x00000002   PAD
    0x08010ca4   0x08010ca4   0x000000c4   Code   RO         6658    i.lv_refr_join_area  lv_refr.o
    0x08010d68   0x08010d68   0x000000d4   Code   RO         6660    i.lv_refr_obj       lv_refr.o
    0x08010e3c   0x08010e3c   0x0000004c   Code   RO         6661    i.lv_refr_obj_and_children  lv_refr.o
    0x08010e88   0x08010e88   0x00000050   Code   RO         6663    i.lv_refr_vdb_flush  lv_refr.o
    0x08010ed8   0x08010ed8   0x00000006   Code   RO         6751    i.lv_style_copy     lv_style.o
    0x08010ede   0x08010ede   0x00000002   PAD
    0x08010ee0   0x08010ee0   0x0000051c   Code   RO         6752    i.lv_style_init     lv_style.o
    0x080113fc   0x080113fc   0x0000001c   Code   RO         8909    i.lv_task_core_init  lv_task.o
    0x08011418   0x08011418   0x00000028   Code   RO         8910    i.lv_task_create    lv_task.o
    0x08011440   0x08011440   0x0000007c   Code   RO         8911    i.lv_task_create_basic  lv_task.o
    0x080114bc   0x080114bc   0x00000030   Code   RO         8912    i.lv_task_del       lv_task.o
    0x080114ec   0x080114ec   0x00000044   Code   RO         8914    i.lv_task_exec      lv_task.o
    0x08011530   0x08011530   0x000000d4   Code   RO         8916    i.lv_task_handler   lv_task.o
    0x08011604   0x08011604   0x00000012   Code   RO         8918    i.lv_task_ready     lv_task.o
    0x08011616   0x08011616   0x00000002   PAD
    0x08011618   0x08011618   0x00000058   Code   RO         8922    i.lv_task_set_prio  lv_task.o
    0x08011670   0x08011670   0x00000014   Code   RO        13766    i.lv_theme_get_current  lv_theme.o
    0x08011684   0x08011684   0x0000000c   Code   RO         8340    i.lv_tick_elaps     lv_hal_tick.o
    0x08011690   0x08011690   0x00000014   Code   RO         8341    i.lv_tick_get       lv_hal_tick.o
    0x080116a4   0x080116a4   0x00000014   Code   RO         8342    i.lv_tick_inc       lv_hal_tick.o
    0x080116b8   0x080116b8   0x00000054   Code   RO         8826    i.lv_trigo_sin      lv_math.o
    0x0801170c   0x0801170c   0x000000f8   Code   RO         9007    i.lv_txt_get_next_line  lv_txt.o
    0x08011804   0x08011804   0x000000b0   Code   RO         9008    i.lv_txt_get_size   lv_txt.o
    0x080118b4   0x080118b4   0x00000088   Code   RO         9009    i.lv_txt_get_width  lv_txt.o
    0x0801193c   0x0801193c   0x0000003a   Code   RO         9011    i.lv_txt_is_cmd     lv_txt.o
    0x08011976   0x08011976   0x00000002   PAD
    0x08011978   0x08011978   0x0000002c   Code   RO         9014    i.lv_txt_utf8_get_byte_id  lv_txt.o
    0x080119a4   0x080119a4   0x00000028   Code   RO         9015    i.lv_txt_utf8_get_char_id  lv_txt.o
    0x080119cc   0x080119cc   0x00000028   Code   RO         9016    i.lv_txt_utf8_get_length  lv_txt.o
    0x080119f4   0x080119f4   0x00000098   Code   RO         9017    i.lv_txt_utf8_next  lv_txt.o
    0x08011a8c   0x08011a8c   0x00000048   Code   RO         9018    i.lv_txt_utf8_prev  lv_txt.o
    0x08011ad4   0x08011ad4   0x0000002e   Code   RO         9019    i.lv_txt_utf8_size  lv_txt.o
    0x08011b02   0x08011b02   0x00000002   PAD
    0x08011b04   0x08011b04   0x0000004c   Code   RO         9105    i.lv_utils_bsearch  lv_utils.o
    0x08011b50   0x08011b50   0x0000008a   Code   RO           16    i.main              main.o
    0x08011bda   0x08011bda   0x00000022   Code   RO         8731    i.node_set_next     lv_ll.o
    0x08011bfc   0x08011bfc   0x00000020   Code   RO         8732    i.node_set_prev     lv_ll.o
    0x08011c1c   0x08011c1c   0x0000002a   Code   RO         5604    i.obj_to_foreground  lv_group.o
    0x08011c46   0x08011c46   0x00000044   Code   RO         6132    i.refresh_children_position  lv_obj.o
    0x08011c8a   0x08011c8a   0x00000034   Code   RO         6133    i.refresh_children_style  lv_obj.o
    0x08011cbe   0x08011cbe   0x00000002   PAD
    0x08011cc0   0x08011cc0   0x0000013a   Code   RO         6996    i.sw_color_fill     lv_draw_basic.o
    0x08011dfa   0x08011dfa   0x00000002   Code   RO        14916    i.timer1_callback   timer_port.o
    0x08011dfc   0x08011dfc   0x00000002   Code   RO        14917    i.timer2_callback   timer_port.o
    0x08011dfe   0x08011dfe   0x00000002   PAD
    0x08011e00   0x08011e00   0x00000014   Code   RO        15158    i.timer_init        utilities_multi_timer.o
    0x08011e14   0x08011e14   0x00000024   Code   RO        15160    i.timer_start       utilities_multi_timer.o
    0x08011e38   0x08011e38   0x00000010   Code   RO        15162    i.timer_ticks       utilities_multi_timer.o
    0x08011e48   0x08011e48   0x00000080   Code   RO        15138    i.touchpad_read     lv_port_indev.o
    0x08011ec8   0x08011ec8   0x00000008   Code   RO         7617    i.unicode_list_compare  lv_font_fmt_txt.o
    0x08011ed0   0x08011ed0   0x00000008   Data   RO         1632    .constdata          stm32h7xx_hal_dma.o
    0x08011ed8   0x08011ed8   0x00000018   Data   RO         4621    .constdata          stm32h7xx_hal_uart.o
    0x08011ef0   0x08011ef0   0x00000010   Data   RO         4986    .constdata          stm32h7xx_hal_uart_ex.o
    0x08011f00   0x08011f00   0x00000010   Data   RO         5086    .constdata          system_stm32h7xx.o
    0x08011f10   0x08011f10   0x00004d80   Data   RO         5216    .constdata          chsc6x_comp.o
    0x08016c90   0x08016c90   0x00000016   Data   RO         6757    .constdata          lv_style.o
    0x08016ca6   0x08016ca6   0x00000001   Data   RO         6827    .constdata          lv_draw.o
    0x08016ca7   0x08016ca7   0x00000002   Data   RO         6828    .constdata          lv_draw.o
    0x08016ca9   0x08016ca9   0x00000003   Data   RO         6829    .constdata          lv_draw.o
    0x08016cac   0x08016cac   0x00000004   Data   RO         6830    .constdata          lv_draw.o
    0x08016cb0   0x08016cb0   0x00000005   Data   RO         6831    .constdata          lv_draw.o
    0x08016cb5   0x08016cb5   0x00000006   Data   RO         6832    .constdata          lv_draw.o
    0x08016cbb   0x08016cbb   0x00000007   Data   RO         6833    .constdata          lv_draw.o
    0x08016cc2   0x08016cc2   0x00000008   Data   RO         6834    .constdata          lv_draw.o
    0x08016cca   0x08016cca   0x00000011   Data   RO         7277    .constdata          lv_draw_rect.o
    0x08016cdb   0x08016cdb   0x0000640c   Data   RO         7921    .constdata          lv_font_roboto_28.o
    0x0801d0e7   0x0801d0e7   0x00000001   PAD
    0x0801d0e8   0x0801d0e8   0x00000028   Data   RO         7922    .constdata          lv_font_roboto_28.o
    0x0801d110   0x0801d110   0x00000002   Data   RO         8080    .constdata          lv_hal_disp.o
    0x0801d112   0x0801d112   0x00000002   PAD
    0x0801d114   0x0801d114   0x00000022   Data   RO        14776    .constdata          lv_app.o
    0x0801d136   0x0801d136   0x0001c200   Data   RO        14859    .constdata          logo.o
    0x08039336   0x08039336   0x00000002   PAD
    0x08039338   0x08039338   0x0000000c   Data   RO        14860    .constdata          logo.o
    0x08039344   0x08039344   0x00000e5b   Data   RO        14879    .constdata          inf_vol_35.o
    0x0803a19f   0x0803a19f   0x00000001   PAD
    0x0803a1a0   0x0803a1a0   0x0000000c   Data   RO        14880    .constdata          inf_vol_35.o
    0x0803a1ac   0x0803a1ac   0x0000778b   Data   RO        14899    .constdata          inf_bf_80.o
    0x08041937   0x08041937   0x00000001   PAD
    0x08041938   0x08041938   0x0000000c   Data   RO        14900    .constdata          inf_bf_80.o
    0x08041944   0x08041944   0x0000004e   Data   RO         5217    .conststring        chsc6x_comp.o
    0x08041992   0x08041992   0x00000002   PAD
    0x08041994   0x08041994   0x00000020   Data   RO        15521    Region$$Table       anon$$obj.o


    Execution Region RW_IRAM1 (Exec base: 0x20000000, Load base: 0x080419b4, Size: 0x00000000, Max: 0x00020000, ABSOLUTE)

    **** No section assigned to this execution region ****


    Execution Region RW_IRAM2 (Exec base: 0x24000000, Load base: 0x080419b4, Size: 0x0003b2b0, Max: 0x00080000, ABSOLUTE, COMPRESSED[0x00000cbc])

    Exec Addr    Load Addr    Size         Type   Attr      Idx    E Section Name        Object

    0x24000000   COMPRESSED   0x0000000c   Data   RW         2370    .data               stm32h7xx_hal.o
    0x2400000c   COMPRESSED   0x00000008   Data   RW         5087    .data               system_stm32h7xx.o
    0x24000014   COMPRESSED   0x0000001e   Data   RW         5218    .data               chsc6x_comp.o
    0x24000032   COMPRESSED   0x00000002   PAD
    0x24000034   COMPRESSED   0x00000008   Data   RW         5885    .data               lv_indev.o
    0x2400003c   COMPRESSED   0x0000000c   Data   RW         6135    .data               lv_obj.o
    0x24000048   COMPRESSED   0x00000008   Data   RW         6664    .data               lv_refr.o
    0x24000050   COMPRESSED   0x00000024   Data   RW         6835    .data               lv_draw.o
    0x24000074   COMPRESSED   0x00000002   Data   RW         7396    .data               lv_img_cache.o
    0x24000076   COMPRESSED   0x00000002   PAD
    0x24000078   COMPRESSED   0x00000490   Data   RW         7923    .data               lv_font_roboto_28.o
    0x24000508   COMPRESSED   0x00000064   Data   RW         7924    .data               lv_font_roboto_28.o
    0x2400056c   COMPRESSED   0x00000092   Data   RW         7925    .data               lv_font_roboto_28.o
    0x240005fe   COMPRESSED   0x00000092   Data   RW         7926    .data               lv_font_roboto_28.o
    0x24000690   COMPRESSED   0x00000578   Data   RW         7927    .data               lv_font_roboto_28.o
    0x24000c08   COMPRESSED   0x00000010   Data   RW         7928    .data               lv_font_roboto_28.o
    0x24000c18   COMPRESSED   0x0000001c   Data   RW         7929    .data               lv_font_roboto_28.o
    0x24000c34   COMPRESSED   0x00000010   Data   RW         7930    .data               lv_font_roboto_28.o
    0x24000c44   COMPRESSED   0x00000004   Data   RW         8081    .data               lv_hal_disp.o
    0x24000c48   COMPRESSED   0x00000008   Data   RW         8343    .data               lv_hal_tick.o
    0x24000c50   COMPRESSED   0x00000008   Data   RW         8387    .data               lv_anim.o
    0x24000c58   COMPRESSED   0x00000004   Data   RW         8689    .data               lv_gc.o
    0x24000c5c   COMPRESSED   0x00000004   Data   RW         8690    .data               lv_gc.o
    0x24000c60   COMPRESSED   0x00000004   Data   RW         8691    .data               lv_gc.o
    0x24000c64   COMPRESSED   0x000000b6   Data   RW         8827    .data               lv_math.o
    0x24000d1a   COMPRESSED   0x00000002   PAD
    0x24000d1c   COMPRESSED   0x00000008   Data   RW         8858    .data               lv_mem.o
    0x24000d24   COMPRESSED   0x00000014   Data   RW         8923    .data               lv_task.o
    0x24000d38   COMPRESSED   0x00000010   Data   RW         9020    .data               lv_txt.o
    0x24000d48   COMPRESSED   0x00000004   Data   RW         9023    .data               lv_txt.o
    0x24000d4c   COMPRESSED   0x00000004   Data   RW         9024    .data               lv_txt.o
    0x24000d50   COMPRESSED   0x00000008   Data   RW         9321    .data               lv_bar.o
    0x24000d58   COMPRESSED   0x00000004   Data   RW        10497    .data               lv_cont.o
    0x24000d5c   COMPRESSED   0x00000004   Data   RW        10929    .data               lv_img.o
    0x24000d60   COMPRESSED   0x00000004   Data   RW        11186    .data               lv_label.o
    0x24000d64   COMPRESSED   0x00000004   Data   RW        11666    .data               lv_lmeter.o
    0x24000d68   COMPRESSED   0x00000001   Data   RW        13769    .data               lv_theme.o
    0x24000d69   COMPRESSED   0x00000003   PAD
    0x24000d6c   COMPRESSED   0x00000024   Data   RW        14777    .data               lv_app.o
    0x24000d90   COMPRESSED   0x00000008   Data   RW        14919    .data               timer_port.o
    0x24000d98   COMPRESSED   0x00000008   Data   RW        15061    .data               lv_port_disp.o
    0x24000da0   COMPRESSED   0x00000008   Data   RW        15163    .data               utilities_multi_timer.o
    0x24000da8   COMPRESSED   0x00000004   Data   RW        15497    .data               mc_w.l(stdout.o)
    0x24000dac   COMPRESSED   0x00015180   Data   RW        15063    USE_LCD_DMA_BUF_SPACE1  lv_port_disp.o
    0x24015f2c   COMPRESSED   0x00015180   Data   RW        15064    USE_LCD_DMA_BUF_SPACE2  lv_port_disp.o
    0x2402b0ac        -       0x0000004c   Zero   RW          531    .bss                i2c.o
    0x2402b0f8        -       0x00000100   Zero   RW          573    .bss                spi.o
    0x2402b1f8        -       0x00000098   Zero   RW          616    .bss                tim.o
    0x2402b290        -       0x00000090   Zero   RW          663    .bss                usart.o
    0x2402b320        -       0x0000000a   Zero   RW         5350    .bss                chsc6x_main.o
    0x2402b32a        -       0x00000040   Zero   RW         5395    .bss                chsc6x_platform.o
    0x2402b36a   COMPRESSED   0x00000002   PAD
    0x2402b36c        -       0x0000030c   Zero   RW         6756    .bss                lv_style.o
    0x2402b678        -       0x0000000c   Zero   RW         8681    .bss                lv_gc.o
    0x2402b684        -       0x0000000c   Zero   RW         8682    .bss                lv_gc.o
    0x2402b690        -       0x0000000c   Zero   RW         8683    .bss                lv_gc.o
    0x2402b69c        -       0x0000000c   Zero   RW         8686    .bss                lv_gc.o
    0x2402b6a8        -       0x0000000c   Zero   RW         8687    .bss                lv_gc.o
    0x2402b6b4        -       0x0000000c   Zero   RW         8688    .bss                lv_gc.o
    0x2402b6c0        -       0x00004000   Zero   RW         8857    .bss                lv_mem.o
    0x2402f6c0        -       0x00001a88   Zero   RW        13768    .bss                lv_theme.o
    0x24031148        -       0x0000012c   Zero   RW        14775    .bss                lv_app.o
    0x24031274        -       0x00000020   Zero   RW        14918    .bss                timer_port.o
    0x24031294        -       0x0000001c   Zero   RW        15060    .bss                lv_port_disp.o
    0x240312b0        -       0x0000a000   Zero   RW            1    STACK               startup_stm32h743xx.o


==============================================================================

Image component sizes


      Code (inc. data)   RO Data    RW Data    ZI Data      Debug   Object Name

         0          0          0          0          0        656   app_test.o
      4262       1686      19918         30          0      22563   chsc6x_comp.o
       328        180          0          0         10       2288   chsc6x_main.o
       308         36          0          0         64       4962   chsc6x_platform.o
        44          4          0          0          0        894   dma.o
       408         26          0          0          0       1259   gpio.o
       256         30          0          0         76       1917   i2c.o
         0          0      30615          0          0        686   inf_bf_80.o
         0          0       3687          0          0        692   inf_vol_35.o
      1512         44          0          0          0       5176   lcd_driver.o
        76          0          0          0          0       1837   lcd_port.o
         0          0     115212          0          0        644   logo.o
       564         48          0          8          0      16529   lv_anim.o
       800         64         34         36        300       6284   lv_app.o
         0          0          0          0          0      21354   lv_arc.o
       368          0          0          0          0       6509   lv_area.o
      1320         52          0          8          0      22497   lv_bar.o
         0          0          0          0          0       3594   lv_calendar.o
        84          0          0          0          0       2221   lv_circ.o
      2510         26          0          4          0      24241   lv_cont.o
        48          0          0          0          0      20688   lv_disp.o
       300         22         36         36          0      21013   lv_draw.o
      2064         24          0          0          0      26597   lv_draw_basic.o
       582         40          0          0          0      14640   lv_draw_img.o
      1160         20          0          0          0      14118   lv_draw_label.o
      3306          0          0          0          0       9827   lv_draw_line.o
      8238          4         17          0          0      28305   lv_draw_rect.o
        36          0          0          0          0       3545   lv_font.o
       612         14          0          0          0       8701   lv_font_fmt_txt.o
         0          0          0          0          0       1732   lv_font_roboto_12.o
         0          0      25652       3020          0       2096   lv_font_roboto_28.o
         0          0          0         12         72       7958   lv_gc.o
       892         20          0          0          0      33062   lv_group.o
       470         48          2          4          0      29097   lv_hal_disp.o
       196         12          0          0          0      22938   lv_hal_indev.o
        52         10          0          8          0       2396   lv_hal_tick.o
       982         32          0          4          0       6568   lv_img.o
       436         32          0          2          0       3722   lv_img_cache.o
      1422         60          0          0          0      12698   lv_img_decoder.o
      3750         60          0          8          0      26082   lv_indev.o
      3088        102          0          4          0      29338   lv_label.o
       710          0          0          0          0      10028   lv_ll.o
      1012         36          0          4          0      23827   lv_lmeter.o
        84          6          0        182          0       1319   lv_math.o
       422         32          0          8      16384       5810   lv_mem.o
      3596         98          0         12          0      51181   lv_obj.o
        18          0          0          0          0        502   lv_port.o
       112         22          0     172808         28       2198   lv_port_disp.o
       164         62          0          0          0       1737   lv_port_indev.o
      1602         50          0          8          0      10259   lv_refr.o
      1346         12         22          0        780       8342   lv_style.o
       626         54          0         20          0       6664   lv_task.o
        20          8          0          1       6792       1259   lv_theme.o
         0          0          0          0          0      24194   lv_theme_mono.o
      1012         40          0         24          0      12175   lv_txt.o
        76          0          0          0          0        935   lv_utils.o
       350         18          0          0          0    1338686   main.o
       312         32          0          0        256       1994   spi.o
        36          8        664          0      40960        832   startup_stm32h743xx.o
       232         44          0         12          0      23416   stm32h7xx_hal.o
       354         28          0          0          0      41881   stm32h7xx_hal_cortex.o
      3912        152          8          0          0       8679   stm32h7xx_hal_dma.o
       590         50          0          0          0       2939   stm32h7xx_hal_gpio.o
      1550         38          0          0          0      11917   stm32h7xx_hal_i2c.o
       172          0          0          0          0       2087   stm32h7xx_hal_i2c_ex.o
        28          6          0          0          0        930   stm32h7xx_hal_msp.o
        84          6          0          0          0        789   stm32h7xx_hal_pwr_ex.o
      2384        108          0          0          0       7136   stm32h7xx_hal_rcc.o
      3518        112          0          0          0       7877   stm32h7xx_hal_rcc_ex.o
      1748         18          0          0          0       9180   stm32h7xx_hal_spi.o
      1188         84          0          0          0      10333   stm32h7xx_hal_tim.o
       170         30          0          0          0       3200   stm32h7xx_hal_tim_ex.o
      1734        106         24          0          0      26054   stm32h7xx_hal_uart.o
       284          6         16          0          0       3801   stm32h7xx_hal_uart_ex.o
        76         24          0          0          0       6489   stm32h7xx_it.o
       220         40         16          8          0       1494   system_stm32h7xx.o
       304         32          0          0        152       2535   tim.o
       160         32          0          8         32       3386   timer_port.o
        16          0          0          0          0        984   tp_port.o
       256         24          0          0        144       1934   usart.o
        72         16          0          8          0       2513   utilities_multi_timer.o

    ----------------------------------------------------------------------
     71126       4130     195964     176296      66052    2153420   Object Totals
         0          0         32          0          0          0   (incl. Generated)
       102          0          9          9          2          0   (incl. Padding)

    ----------------------------------------------------------------------

      Code (inc. data)   RO Data    RW Data    ZI Data      Debug   Library Member Name

        86          0          0          0          0          0   __dczerorl2.o
         0          0          0          0          0          0   entry.o
         0          0          0          0          0          0   entry10a.o
         0          0          0          0          0          0   entry11a.o
         4          0          0          0          0          0   entry12b.o
         8          4          0          0          0          0   entry2.o
         4          0          0          0          0          0   entry5.o
         0          0          0          0          0          0   entry7b.o
         0          0          0          0          0          0   entry8b.o
         8          4          0          0          0          0   entry9a.o
        30          0          0          0          0          0   handlers.o
        36          8          0          0          0         68   init.o
        30          0          0          0          0         68   llshl.o
        32          0          0          0          0         68   llushr.o
        36          0          0          0          0         68   memcpya.o
        36          0          0          0          0        108   memseta.o
      1192         60          0          0          0        504   printf8.o
         0          0          0          4          0          0   stdout.o
        18          0          0          0          0         68   strcpy.o
        14          0          0          0          0         68   strlen.o
        98          0          0          0          0         92   uldiv.o

    ----------------------------------------------------------------------
      1634         76          0          4          0       1112   Library Totals
         2          0          0          0          0          0   (incl. Padding)

    ----------------------------------------------------------------------

      Code (inc. data)   RO Data    RW Data    ZI Data      Debug   Library Name

      1632         76          0          4          0       1112   mc_w.l

    ----------------------------------------------------------------------
      1634         76          0          4          0       1112   Library Totals

    ----------------------------------------------------------------------

==============================================================================


      Code (inc. data)   RO Data    RW Data    ZI Data      Debug   

     72760       4206     195964     176300      66052    2107996   Grand Totals
     72760       4206     195964       3260      66052    2107996   ELF Image Totals (compressed)
     72760       4206     195964       3260          0          0   ROM Totals

==============================================================================

    Total RO  Size (Code + RO Data)               268724 ( 262.43kB)
    Total RW  Size (RW Data + ZI Data)            242352 ( 236.67kB)
    Total ROM Size (Code + RO Data + RW Data)     271984 ( 265.61kB)

==============================================================================

